Archive member included to satisfy reference by file (symbol)

libFreeRTOS-Kernel.a(tasks.c.o)
                              CMakeFiles/firmware.dir/home/ricardo/FreeRTOS-Kernel/portable/MemMang/heap_4.c.o (vTaskSuspendAll)
libFreeRTOS-Kernel.a(list.c.o)
                              libFreeRTOS-Kernel.a(tasks.c.o) (vListInitialise)
libFreeRTOS-Kernel.a(timers.c.o)
                              libFreeRTOS-Kernel.a(tasks.c.o) (xTimerCreateTimerTask)
libFreeRTOS-Kernel.a(port.c.o)
                              libFreeRTOS-Kernel.a(tasks.c.o) (pxPortInitialiseStack)
libFreeRTOS-Kernel.a(queue.c.o)
                              libFreeRTOS-Kernel.a(timers.c.o) (xQueueGenericCreate)
libFreeRTOS-Kernel.a(event_groups.c.o)
                              libFreeRTOS-Kernel.a(port.c.o) (xEventGroupCreate)
/usr/lib/gcc/arm-none-eabi/13.2.1/thumb/v6-m/nofp/libgcc.a(_dvmd_tls.o)
                              CMakeFiles/firmware.dir/home/ricardo/pico-sdk/src/rp2_common/pico_divider/divider_hardware.S.o (__aeabi_idiv0)
/usr/lib/gcc/arm-none-eabi/13.2.1/../../../arm-none-eabi/lib/thumb/v6-m/nofp/libg.a(libc_a-calloc.o)
                              CMakeFiles/firmware.dir/home/ricardo/pico-sdk/src/rp2_common/pico_malloc/malloc.c.o (calloc)
/usr/lib/gcc/arm-none-eabi/13.2.1/../../../arm-none-eabi/lib/thumb/v6-m/nofp/libg.a(libc_a-impure.o)
                              /usr/lib/gcc/arm-none-eabi/13.2.1/../../../arm-none-eabi/lib/thumb/v6-m/nofp/libg.a(libc_a-calloc.o) (_impure_ptr)
/usr/lib/gcc/arm-none-eabi/13.2.1/../../../arm-none-eabi/lib/thumb/v6-m/nofp/libg.a(libc_a-callocr.o)
                              /usr/lib/gcc/arm-none-eabi/13.2.1/../../../arm-none-eabi/lib/thumb/v6-m/nofp/libg.a(libc_a-calloc.o) (_calloc_r)
/usr/lib/gcc/arm-none-eabi/13.2.1/../../../arm-none-eabi/lib/thumb/v6-m/nofp/libg.a(libc_a-realloc.o)
                              CMakeFiles/firmware.dir/home/ricardo/pico-sdk/src/rp2_common/pico_malloc/malloc.c.o (realloc)
/usr/lib/gcc/arm-none-eabi/13.2.1/../../../arm-none-eabi/lib/thumb/v6-m/nofp/libg.a(libc_a-mallocr.o)
                              /usr/lib/gcc/arm-none-eabi/13.2.1/../../../arm-none-eabi/lib/thumb/v6-m/nofp/libg.a(libc_a-callocr.o) (_malloc_r)
/usr/lib/gcc/arm-none-eabi/13.2.1/../../../arm-none-eabi/lib/thumb/v6-m/nofp/libg.a(libc_a-freer.o)
                              /usr/lib/gcc/arm-none-eabi/13.2.1/../../../arm-none-eabi/lib/thumb/v6-m/nofp/libg.a(libc_a-mallocr.o) (_free_r)
/usr/lib/gcc/arm-none-eabi/13.2.1/../../../arm-none-eabi/lib/thumb/v6-m/nofp/libg.a(libc_a-memcmp.o)
                              CMakeFiles/firmware.dir/home/ricardo/pico-sdk/src/rp2_common/pico_atomic/atomic.c.o (memcmp)
/usr/lib/gcc/arm-none-eabi/13.2.1/../../../arm-none-eabi/lib/thumb/v6-m/nofp/libg.a(libc_a-malloc.o)
                              CMakeFiles/firmware.dir/home/ricardo/pico-sdk/src/rp2_common/pico_malloc/malloc.c.o (malloc)
/usr/lib/gcc/arm-none-eabi/13.2.1/../../../arm-none-eabi/lib/thumb/v6-m/nofp/libg.a(libc_a-sysconf.o)
                              /usr/lib/gcc/arm-none-eabi/13.2.1/../../../arm-none-eabi/lib/thumb/v6-m/nofp/libg.a(libc_a-mallocr.o) (sysconf)
/usr/lib/gcc/arm-none-eabi/13.2.1/../../../arm-none-eabi/lib/thumb/v6-m/nofp/libg.a(libc_a-reallocr.o)
                              /usr/lib/gcc/arm-none-eabi/13.2.1/../../../arm-none-eabi/lib/thumb/v6-m/nofp/libg.a(libc_a-realloc.o) (_realloc_r)
/usr/lib/gcc/arm-none-eabi/13.2.1/../../../arm-none-eabi/lib/thumb/v6-m/nofp/libg.a(libc_a-mktime.o)
                              CMakeFiles/firmware.dir/home/ricardo/pico-sdk/src/common/pico_util/datetime.c.o (mktime)
/usr/lib/gcc/arm-none-eabi/13.2.1/../../../arm-none-eabi/lib/thumb/v6-m/nofp/libg.a(libc_a-mlock.o)
                              /usr/lib/gcc/arm-none-eabi/13.2.1/../../../arm-none-eabi/lib/thumb/v6-m/nofp/libg.a(libc_a-mallocr.o) (__malloc_lock)
/usr/lib/gcc/arm-none-eabi/13.2.1/../../../arm-none-eabi/lib/thumb/v6-m/nofp/libg.a(libc_a-findfp.o)
                              /usr/lib/gcc/arm-none-eabi/13.2.1/../../../arm-none-eabi/lib/thumb/v6-m/nofp/libg.a(libc_a-impure.o) (__sf)
/usr/lib/gcc/arm-none-eabi/13.2.1/../../../arm-none-eabi/lib/thumb/v6-m/nofp/libg.a(libc_a-tzlock.o)
                              /usr/lib/gcc/arm-none-eabi/13.2.1/../../../arm-none-eabi/lib/thumb/v6-m/nofp/libg.a(libc_a-mktime.o) (__tz_lock)
/usr/lib/gcc/arm-none-eabi/13.2.1/../../../arm-none-eabi/lib/thumb/v6-m/nofp/libg.a(libc_a-lcltime_r.o)
                              CMakeFiles/firmware.dir/home/ricardo/pico-sdk/src/common/pico_util/datetime.c.o (localtime_r)
/usr/lib/gcc/arm-none-eabi/13.2.1/../../../arm-none-eabi/lib/thumb/v6-m/nofp/libg.a(libc_a-strlen-stub.o)
                              CMakeFiles/firmware.dir/home/ricardo/pico-sdk/src/rp2_common/pico_stdio/stdio.c.o (strlen)
/usr/lib/gcc/arm-none-eabi/13.2.1/../../../arm-none-eabi/lib/thumb/v6-m/nofp/libg.a(libc_a-sbrkr.o)
[...]
Memory Configuration

Name             Origin             Length             Attributes
FLASH            0x10000000         0x00200000         xr
XIP_RAM          0x15000000         0x00004000         xrw
RAM              0x20000000         0x00040000         xrw
SCRATCH_X        0x20040000         0x00001000         xrw
SCRATCH_Y        0x20041000         0x00001000         xrw
*default*        0x00000000         0xffffffff

Linker script and memory map

                0x20000000                        RAM_ORIGIN_DEFAULT = 0x20000000
                0x00040000                        RAM_LENGTH_DEFAULT = 0x40000
                0x20040000                        SCRATCH_X_ORIGIN_DEFAULT = 0x20040000
                0x00001000                        SCRATCH_X_LENGTH_DEFAULT = 0x1000
                0x20041000                        SCRATCH_Y_ORIGIN_DEFAULT = 0x20041000
                0x00001000                        SCRATCH_Y_LENGTH_DEFAULT = 0x1000
                0x15000000                        XIP_RAM_ORIGIN_DEFAULT = 0x15000000
                0x00004000                        XIP_RAM_LENGTH_DEFAULT = 0x4000
LOAD CMakeFiles/firmware.dir/src/main.c.o
LOAD CMakeFiles/firmware.dir/src/lcd_2004a.c.o
LOAD CMakeFiles/firmware.dir/src/w5500_driver.c.o
LOAD CMakeFiles/firmware.dir/src/tsl2561.c.o
LOAD CMakeFiles/firmware.dir/src/ENS160_HT21.c.o
LOAD CMakeFiles/firmware.dir/home/ricardo/pico-sdk/src/rp2_common/pico_stdlib/stdlib.c.o
LOAD CMakeFiles/firmware.dir/home/ricardo/pico-sdk/src/rp2_common/hardware_gpio/gpio.c.o
LOAD CMakeFiles/firmware.dir/home/ricardo/pico-sdk/src/rp2040/pico_platform/platform.c.o
LOAD CMakeFiles/firmware.dir/home/ricardo/pico-sdk/src/rp2_common/pico_platform_common/common.c.o
LOAD CMakeFiles/firmware.dir/home/ricardo/pico-sdk/src/rp2_common/pico_platform_panic/panic.c.o
LOAD CMakeFiles/firmware.dir/home/ricardo/pico-sdk/src/rp2_common/pico_platform_panic/custom_panic_function.S.o
LOAD CMakeFiles/firmware.dir/home/ricardo/pico-sdk/src/common/hardware_claim/claim.c.o
LOAD CMakeFiles/firmware.dir/home/ricardo/pico-sdk/src/rp2_common/hardware_sync/sync.c.o
LOAD CMakeFiles/firmware.dir/home/ricardo/pico-sdk/src/rp2_common/hardware_sync_spin_lock/sync_spin_lock.c.o
LOAD CMakeFiles/firmware.dir/home/ricardo/pico-sdk/src/rp2_common/hardware_irq/irq.c.o
LOAD CMakeFiles/firmware.dir/home/ricardo/pico-sdk/src/rp2_common/hardware_irq/irq_handler_chain.S.o
LOAD CMakeFiles/firmware.dir/home/ricardo/pico-sdk/src/common/pico_sync/sem.c.o
LOAD CMakeFiles/firmware.dir/home/ricardo/pico-sdk/src/common/pico_sync/lock_core.c.o
LOAD CMakeFiles/firmware.dir/home/ricardo/pico-sdk/src/common/pico_sync/mutex.c.o
LOAD CMakeFiles/firmware.dir/home/ricardo/pico-sdk/src/common/pico_sync/critical_section.c.o
LOAD CMakeFiles/firmware.dir/home/ricardo/pico-sdk/src/common/pico_time/time.c.o
LOAD CMakeFiles/firmware.dir/home/ricardo/pico-sdk/src/common/pico_time/timeout_helper.c.o
LOAD CMakeFiles/firmware.dir/home/ricardo/pico-sdk/src/rp2_common/hardware_timer/timer.c.o
LOAD CMakeFiles/firmware.dir/home/ricardo/pico-sdk/src/common/pico_util/datetime.c.o
LOAD CMakeFiles/firmware.dir/home/ricardo/pico-sdk/src/common/pico_util/fixed_bitset.c.o
LOAD CMakeFiles/firmware.dir/home/ricardo/pico-sdk/src/common/pico_util/pheap.c.o
LOAD CMakeFiles/firmware.dir/home/ricardo/pico-sdk/src/common/pico_util/queue.c.o
LOAD CMakeFiles/firmware.dir/home/ricardo/pico-sdk/src/rp2_common/hardware_uart/uart.c.o
LOAD CMakeFiles/firmware.dir/home/ricardo/pico-sdk/src/rp2_common/hardware_clocks/clocks.c.o
LOAD CMakeFiles/firmware.dir/home/ricardo/pico-sdk/src/rp2_common/hardware_pll/pll.c.o
LOAD CMakeFiles/firmware.dir/home/ricardo/pico-sdk/src/rp2_common/hardware_vreg/vreg.c.o
LOAD CMakeFiles/firmware.dir/home/ricardo/pico-sdk/src/rp2_common/hardware_watchdog/watchdog.c.o
LOAD CMakeFiles/firmware.dir/home/ricardo/pico-sdk/src/rp2_common/hardware_ticks/ticks.c.o
LOAD CMakeFiles/firmware.dir/home/ricardo/pico-sdk/src/rp2_common/pico_bootrom/bootrom.c.o
LOAD CMakeFiles/firmware.dir/home/ricardo/pico-sdk/src/rp2_common/pico_bootrom/bootrom_lock.c.o
LOAD CMakeFiles/firmware.dir/home/ricardo/pico-sdk/src/rp2_common/hardware_boot_lock/boot_lock.c.o
LOAD CMakeFiles/firmware.dir/home/ricardo/pico-sdk/src/rp2_common/pico_flash/flash.c.o
LOAD CMakeFiles/firmware.dir/home/ricardo/pico-sdk/src/rp2_common/hardware_xosc/xosc.c.o
LOAD CMakeFiles/firmware.dir/home/ricardo/pico-sdk/src/rp2_common/hardware_divider/divider.S.o
LOAD CMakeFiles/firmware.dir/home/ricardo/pico-sdk/src/rp2_common/pico_runtime/runtime.c.o
LOAD CMakeFiles/firmware.dir/home/ricardo/pico-sdk/src/rp2_common/pico_runtime_init/runtime_init.c.o
LOAD CMakeFiles/firmware.dir/home/ricardo/pico-sdk/src/rp2_common/pico_runtime_init/runtime_init_clocks.c.o
LOAD CMakeFiles/firmware.dir/home/ricardo/pico-sdk/src/rp2_common/pico_runtime_init/runtime_init_stack_guard.c.o
LOAD CMakeFiles/firmware.dir/home/ricardo/pico-sdk/src/rp2_common/hardware_rtc/rtc.c.o
LOAD CMakeFiles/firmware.dir/home/ricardo/pico-sdk/src/rp2_common/pico_bit_ops/bit_ops_aeabi.S.o
LOAD CMakeFiles/firmware.dir/home/ricardo/pico-sdk/src/rp2_common/pico_divider/divider_hardware.S.o
LOAD CMakeFiles/firmware.dir/home/ricardo/pico-sdk/src/rp2_common/pico_double/double_aeabi_rp2040.S.o
LOAD CMakeFiles/firmware.dir/home/ricardo/pico-sdk/src/rp2_common/pico_double/double_init_rom_rp2040.c.o
LOAD CMakeFiles/firmware.dir/home/ricardo/pico-sdk/src/rp2_common/pico_double/double_math.c.o
LOAD CMakeFiles/firmware.dir/home/ricardo/pico-sdk/src/rp2_common/pico_double/double_v1_rom_shim_rp2040.S.o
LOAD CMakeFiles/firmware.dir/home/ricardo/pico-sdk/src/rp2_common/pico_int64_ops/pico_int64_ops_aeabi.S.o
LOAD CMakeFiles/firmware.dir/home/ricardo/pico-sdk/src/rp2_common/pico_float/float_aeabi_rp2040.S.o
LOAD CMakeFiles/firmware.dir/home/ricardo/pico-sdk/src/rp2_common/pico_float/float_init_rom_rp2040.c.o
LOAD CMakeFiles/firmware.dir/home/ricardo/pico-sdk/src/rp2_common/pico_float/float_math.c.o
LOAD CMakeFiles/firmware.dir/home/ricardo/pico-sdk/src/rp2_common/pico_float/float_v1_rom_shim_rp2040.S.o
LOAD CMakeFiles/firmware.dir/home/ricardo/pico-sdk/src/rp2_common/pico_malloc/malloc.c.o
LOAD CMakeFiles/firmware.dir/home/ricardo/pico-sdk/src/rp2_common/pico_mem_ops/mem_ops_aeabi.S.o
LOAD CMakeFiles/firmware.dir/home/ricardo/pico-sdk/src/rp2_common/pico_atomic/atomic.c.o
LOAD CMakeFiles/firmware.dir/home/ricardo/pico-sdk/src/rp2_common/pico_cxx_options/new_delete.cpp.o
LOAD CMakeFiles/firmware.dir/home/ricardo/pico-sdk/src/rp2_common/pico_standard_binary_info/standard_binary_info.c.o
LOAD CMakeFiles/firmware.dir/home/ricardo/pico-sdk/src/rp2_common/pico_printf/printf.c.o
LOAD CMakeFiles/firmware.dir/home/ricardo/pico-sdk/src/rp2_common/pico_crt0/crt0.S.o
LOAD CMakeFiles/firmware.dir/home/ricardo/pico-sdk/src/rp2_common/pico_clib_interface/newlib_interface.c.o
LOAD CMakeFiles/firmware.dir/home/ricardo/pico-sdk/src/rp2_common/pico_clib_interface/cxa_guard.c.o
LOAD CMakeFiles/firmware.dir/home/ricardo/pico-sdk/src/rp2_common/pico_stdio/stdio.c.o
LOAD CMakeFiles/firmware.dir/home/ricardo/pico-sdk/src/rp2_common/pico_stdio_usb/stdio_usb.c.o
LOAD CMakeFiles/firmware.dir/home/ricardo/pico-sdk/src/rp2_common/pico_stdio_usb/stdio_usb_descriptors.c.o
LOAD CMakeFiles/firmware.dir/home/ricardo/pico-sdk/src/rp2_common/pico_unique_id/unique_id.c.o
LOAD CMakeFiles/firmware.dir/home/ricardo/pico-sdk/src/rp2_common/hardware_flash/flash.c.o
LOAD CMakeFiles/firmware.dir/home/ricardo/pico-sdk/src/rp2_common/hardware_xip_cache/xip_cache.c.o
LOAD CMakeFiles/firmware.dir/home/ricardo/pico-sdk/src/rp2_common/pico_usb_reset/usb_reset.c.o
LOAD CMakeFiles/firmware.dir/home/ricardo/pico-sdk/lib/tinyusb/src/portable/raspberrypi/rp2040/dcd_rp2040.c.o
LOAD CMakeFiles/firmware.dir/home/ricardo/pico-sdk/lib/tinyusb/src/portable/raspberrypi/rp2040/rp2040_usb.c.o
LOAD CMakeFiles/firmware.dir/home/ricardo/pico-sdk/lib/tinyusb/src/device/usbd.c.o
LOAD CMakeFiles/firmware.dir/home/ricardo/pico-sdk/lib/tinyusb/src/device/usbd_control.c.o
LOAD CMakeFiles/firmware.dir/home/ricardo/pico-sdk/lib/tinyusb/src/class/audio/audio_device.c.o
LOAD CMakeFiles/firmware.dir/home/ricardo/pico-sdk/lib/tinyusb/src/class/cdc/cdc_device.c.o
LOAD CMakeFiles/firmware.dir/home/ricardo/pico-sdk/lib/tinyusb/src/class/dfu/dfu_device.c.o
LOAD CMakeFiles/firmware.dir/home/ricardo/pico-sdk/lib/tinyusb/src/class/dfu/dfu_rt_device.c.o
LOAD CMakeFiles/firmware.dir/home/ricardo/pico-sdk/lib/tinyusb/src/class/hid/hid_device.c.o
LOAD CMakeFiles/firmware.dir/home/ricardo/pico-sdk/lib/tinyusb/src/class/midi/midi_device.c.o
LOAD CMakeFiles/firmware.dir/home/ricardo/pico-sdk/lib/tinyusb/src/class/msc/msc_device.c.o
LOAD CMakeFiles/firmware.dir/home/ricardo/pico-sdk/lib/tinyusb/src/class/net/ecm_rndis_device.c.o
LOAD CMakeFiles/firmware.dir/home/ricardo/pico-sdk/lib/tinyusb/src/class/net/ncm_device.c.o
LOAD CMakeFiles/firmware.dir/home/ricardo/pico-sdk/lib/tinyusb/src/class/usbtmc/usbtmc_device.c.o
LOAD CMakeFiles/firmware.dir/home/ricardo/pico-sdk/lib/tinyusb/src/class/vendor/vendor_device.c.o
LOAD CMakeFiles/firmware.dir/home/ricardo/pico-sdk/lib/tinyusb/src/class/video/video_device.c.o
LOAD CMakeFiles/firmware.dir/home/ricardo/pico-sdk/lib/tinyusb/src/tusb.c.o
LOAD CMakeFiles/firmware.dir/home/ricardo/pico-sdk/lib/tinyusb/src/common/tusb_fifo.c.o
LOAD CMakeFiles/firmware.dir/home/ricardo/pico-sdk/src/rp2_common/pico_fix/rp2040_usb_device_enumeration/rp2040_usb_device_enumeration.c.o
LOAD CMakeFiles/firmware.dir/home/ricardo/pico-sdk/src/rp2_common/pico_thread_local/thread_local.c.o
LOAD CMakeFiles/firmware.dir/home/ricardo/pico-sdk/src/rp2_common/hardware_spi/spi.c.o
LOAD CMakeFiles/firmware.dir/home/ricardo/pico-sdk/src/rp2_common/hardware_i2c/i2c.c.o
LOAD CMakeFiles/firmware.dir/home/ricardo/pico-sdk/src/rp2_common/pico_multicore/multicore.c.o
LOAD CMakeFiles/firmware.dir/home/ricardo/pico-sdk/src/rp2_common/hardware_exception/exception.c.o
LOAD CMakeFiles/firmware.dir/home/ricardo/FreeRTOS-Kernel/portable/MemMang/heap_4.c.o
LOAD pico-sdk/src/rp2040/boot_stage2/CMakeFiles/bs2_default_library.dir/bs2_default_padded_checksummed.S.o
LOAD libFreeRTOS-Kernel.a
LOAD libFreeRTOS-Kernel.a
LOAD /usr/lib/gcc/arm-none-eabi/13.2.1/../../../arm-none-eabi/lib/thumb/v6-m/nofp/libstdc++.a
LOAD /usr/lib/gcc/arm-none-eabi/13.2.1/../../../arm-none-eabi/lib/thumb/v6-m/nofp/libm.a
START GROUP
LOAD /usr/lib/gcc/arm-none-eabi/13.2.1/thumb/v6-m/nofp/libgcc.a
LOAD /usr/lib/gcc/arm-none-eabi/13.2.1/../../../arm-none-eabi/lib/thumb/v6-m/nofp/libg.a
LOAD /usr/lib/gcc/arm-none-eabi/13.2.1/../../../arm-none-eabi/lib/thumb/v6-m/nofp/libc.a
END GROUP
                0x20000000                        PROVIDE (RAM_ORIGIN = RAM_ORIGIN_DEFAULT)
                0x00040000                        PROVIDE (RAM_LENGTH = RAM_LENGTH_DEFAULT)
                0x20040000                        PROVIDE (SCRATCH_X_ORIGIN = SCRATCH_X_ORIGIN_DEFAULT)
                0x00001000                        PROVIDE (SCRATCH_X_LENGTH = SCRATCH_X_LENGTH_DEFAULT)
                0x20041000                        PROVIDE (SCRATCH_Y_ORIGIN = SCRATCH_Y_ORIGIN_DEFAULT)
                0x00001000                        PROVIDE (SCRATCH_Y_LENGTH = SCRATCH_Y_LENGTH_DEFAULT)
                0x15000000                        PROVIDE (XIP_RAM_ORIGIN = XIP_RAM_ORIGIN_DEFAULT)
                0x00004000                        PROVIDE (XIP_RAM_LENGTH = XIP_RAM_LENGTH_DEFAULT)
                0x20000000                        RAM_ORIGIN = DEFINED (RAM_ORIGIN)?RAM_ORIGIN:RAM_ORIGIN_DEFAULT
                0x00040000                        RAM_LENGTH = DEFINED (RAM_LENGTH)?RAM_LENGTH:RAM_LENGTH_DEFAULT
                0x20040000                        SCRATCH_X_ORIGIN = DEFINED (SCRATCH_X_ORIGIN)?SCRATCH_X_ORIGIN:SCRATCH_X_ORIGIN_DEFAULT
                0x00001000                        SCRATCH_X_LENGTH = DEFINED (SCRATCH_X_LENGTH)?SCRATCH_X_LENGTH:SCRATCH_X_LENGTH_DEFAULT
                0x20041000                        SCRATCH_Y_ORIGIN = DEFINED (SCRATCH_Y_ORIGIN)?SCRATCH_Y_ORIGIN:SCRATCH_Y_ORIGIN_DEFAULT
                0x00001000                        SCRATCH_Y_LENGTH = DEFINED (SCRATCH_Y_LENGTH)?SCRATCH_Y_LENGTH:SCRATCH_Y_LENGTH_DEFAULT
                0x15000000                        XIP_RAM_ORIGIN = DEFINED (XIP_RAM_ORIGIN)?XIP_RAM_ORIGIN:XIP_RAM_ORIGIN_DEFAULT
                0x00004000                        XIP_RAM_LENGTH = DEFINED (XIP_RAM_LENGTH)?XIP_RAM_LENGTH:XIP_RAM_LENGTH_DEFAULT

.flash_begin    0x10000000        0x0
                0x10000000                        __flash_binary_start = .

.boot2          0x10000000      0x100
                0x10000000                        __boot2_start__ = .
 *(.boot2)
 .boot2         0x10000000      0x100 pico-sdk/src/rp2040/boot_stage2/CMakeFiles/bs2_default_library.dir/bs2_default_padded_checksummed.S.o
                0x10000100                        __boot2_end__ = .
                0x00000001                        ASSERT (((__boot2_end__ - __boot2_start__) == 0x100), ERROR: Pico second stage bootloader must be exactly 256 bytes in size for RP2040)

.text           0x10000100     0xa650
                0x10000100                        __logical_binary_start = .
 *(.vectors)
 .vectors       0x10000100       0xd4 CMakeFiles/firmware.dir/home/ricardo/pico-sdk/src/rp2_common/pico_crt0/crt0.S.o
                0x10000100                __vectors
                0x10000100                __VECTOR_TABLE
                0x100001c0                isr_irq30
                0x100001c0                __unhandled_user_irq
                0x100001c0                isr_irq13
                0x100001c0                isr_irq27
                0x100001c0                isr_irq31
                0x100001c0                isr_irq5
                0x100001c0                isr_irq11
                0x100001c0                isr_irq23
                0x100001c0                isr_irq18
                0x100001c0                isr_irq28
                0x100001c0                isr_irq19
                0x100001c0                isr_irq0
                0x100001c0                isr_irq6
                0x100001c0                isr_irq22
                0x100001c0                isr_irq17
                0x100001c0                isr_irq14
                0x100001c0                __vectors_end
                0x100001c0                __default_isrs_start
                0x100001c0                isr_irq2
                0x100001c0                isr_irq10
                0x100001c0                isr_irq8
                0x100001c0                isr_irq24
                0x100001c0                isr_irq1
                0x100001c0                isr_irq7
                0x100001c0                isr_irq21
                0x100001c0                isr_irq20
                0x100001c0                isr_irq15
                0x100001c0                isr_irq25
                0x100001c0                isr_irq4
                0x100001c0                isr_irq16
                0x100001c0                isr_irq29
                0x100001c0                isr_irq26
                0x100001c0                isr_irq3
                0x100001c0                isr_irq12
                0x100001c0                isr_irq9
                0x100001c6                unhandled_user_irq_num_in_r0
                0x100001c8                isr_invalid
                0x100001ca                isr_nmi
                0x100001cc                isr_hardfault
                0x100001d4                __default_isrs_end
 *(.binary_info_header)
 .binary_info_header
                0x100001d4       0x14 CMakeFiles/firmware.dir/home/ricardo/pico-sdk/src/rp2_common/pico_crt0/crt0.S.o
                0x100001e8                        __binary_info_header_end = .
 *(.embedded_block)
                0x100001e8                        __embedded_block_end = .
 *(.reset)
 .reset         0x100001e8       0x98 CMakeFiles/firmware.dir/home/ricardo/pico-sdk/src/rp2_common/pico_crt0/crt0.S.o
                0x100001e8                _entry_point
 *(.init)
 *libgcc.a:cmse_nonsecure_call.o()
 *(EXCLUDE_FILE(*libm.a: *lib*_a-mem*.o *libc.a: *libgcc.a:) .text*)
 .text.vLCDTask
                0x10000280       0xb8 CMakeFiles/firmware.dir/src/main.c.o
                0x10000280                vLCDTask
 .text.vTaskFunction
                0x10000338      0x108 CMakeFiles/firmware.dir/src/main.c.o
                0x10000338                vTaskFunction
 .text.startup.main
                0x10000440      0x140 CMakeFiles/firmware.dir/src/main.c.o
                0x10000440                main
 .text.vApplicationStackOverflowHook
                0x10000580        0x4 CMakeFiles/firmware.dir/src/main.c.o
                0x10000580                vApplicationStackOverflowHook
 .text.lcd_init
                0x10000584      0x46c CMakeFiles/firmware.dir/src/lcd_2004a.c.o
                0x10000584                lcd_init
 .text.lcd_clear
                0x100009f0       0x8c CMakeFiles/firmware.dir/src/lcd_2004a.c.o
                0x100009f0                lcd_clear
 .text.lcd_write_string_ln
                0x10000a7c      0x240 CMakeFiles/firmware.dir/src/lcd_2004a.c.o
                0x10000a7c                lcd_write_string_ln
 .text.tsl2561_write_register
                0x10000cbc       0x28 CMakeFiles/firmware.dir/src/tsl2561.c.o
                0x10000cbc                tsl2561_write_register
 .text.tsl2561_read16
                0x10000ce4       0x40 CMakeFiles/firmware.dir/src/tsl2561.c.o
                0x10000ce4                tsl2561_read16
 .text.aht21_init
                0x10000d24       0x60 CMakeFiles/firmware.dir/src/ENS160_HT21.c.o
                0x10000d24                aht21_init
 .text.aht21_read
                0x10000d84       0xb0 CMakeFiles/firmware.dir/src/ENS160_HT21.c.o
                0x10000d84                aht21_read
 .text.ens160_init
                0x10000e34       0x4c CMakeFiles/firmware.dir/src/ENS160_HT21.c.o
                0x10000e34                ens160_init
 .text.ens160_read
                0x10000e80       0x9c CMakeFiles/firmware.dir/src/ENS160_HT21.c.o
                0x10000e80                ens160_read
 .text.gpio_set_function
                0x10000f1c       0x34 CMakeFiles/firmware.dir/home/ricardo/pico-sdk/src/rp2_common/hardware_gpio/gpio.c.o
                0x10000f1c                gpio_set_function
 .text.gpio_set_pulls
                0x10000f50       0x28 CMakeFiles/firmware.dir/home/ricardo/pico-sdk/src/rp2_common/hardware_gpio/gpio.c.o
                0x10000f50                gpio_set_pulls
 .text.gpio_init
                0x10000f78       0x40 CMakeFiles/firmware.dir/home/ricardo/pico-sdk/src/rp2_common/hardware_gpio/gpio.c.o
                0x10000f78                gpio_init
 .text.rp2040_chip_version
                0x10000fb8        0xc CMakeFiles/firmware.dir/home/ricardo/pico-sdk/src/rp2040/pico_platform/platform.c.o
                0x10000fb8                rp2040_chip_version
 .text.panic    0x10000fc4       0x30 CMakeFiles/firmware.dir/home/ricardo/pico-sdk/src/rp2_common/pico_platform_panic/panic.c.o
                0x10000fc4                panic
 .text.panic_unsupported
                0x10000ff4        0xc CMakeFiles/firmware.dir/home/ricardo/pico-sdk/src/rp2_common/pico_platform_panic/panic.c.o
                0x10000ff4                panic_unsupported
 .text.hw_claim_or_assert
                0x10001000       0x44 CMakeFiles/firmware.dir/home/ricardo/pico-sdk/src/common/hardware_claim/claim.c.o
                0x10001000                hw_claim_or_assert
 .text.hw_claim_unused_from_range
                0x10001044       0x9c CMakeFiles/firmware.dir/home/ricardo/pico-sdk/src/common/hardware_claim/claim.c.o
                0x10001044                hw_claim_unused_from_range
 .text.next_striped_spin_lock_num
                0x100010e0       0x18 CMakeFiles/firmware.dir/home/ricardo/pico-sdk/src/rp2_common/hardware_sync/sync.c.o
                0x100010e0                next_striped_spin_lock_num
 .text.spin_lock_claim
                0x100010f8       0x18 CMakeFiles/firmware.dir/home/ricardo/pico-sdk/src/rp2_common/hardware_sync/sync.c.o
                0x100010f8                spin_lock_claim
 .text.spin_lock_claim_unused
                0x10001110       0x24 CMakeFiles/firmware.dir/home/ricardo/pico-sdk/src/rp2_common/hardware_sync/sync.c.o
                0x10001110                spin_lock_claim_unused
 .text.spin_locks_reset
                0x10001134       0x1c CMakeFiles/firmware.dir/home/ricardo/pico-sdk/src/rp2_common/hardware_sync_spin_lock/sync_spin_lock.c.o
                0x10001134                spin_locks_reset
 .text.runtime_init_per_core_irq_priorities
                0x10001150       0x24 CMakeFiles/firmware.dir/home/ricardo/pico-sdk/src/rp2_common/hardware_irq/irq.c.o
                0x10001150                runtime_init_per_core_irq_priorities
 .text.irq_set_enabled
                0x10001174       0x24 CMakeFiles/firmware.dir/home/ricardo/pico-sdk/src/rp2_common/hardware_irq/irq.c.o
                0x10001174                irq_set_enabled
 .text.irq_is_enabled
                0x10001198       0x18 CMakeFiles/firmware.dir/home/ricardo/pico-sdk/src/rp2_common/hardware_irq/irq.c.o
                0x10001198                irq_is_enabled
 .text.irq_set_pending
                0x100011b0       0x10 CMakeFiles/firmware.dir/home/ricardo/pico-sdk/src/rp2_common/hardware_irq/irq.c.o
                0x100011b0                irq_set_pending
 .text.irq_has_shared_handler
                0x100011c0       0x24 CMakeFiles/firmware.dir/home/ricardo/pico-sdk/src/rp2_common/hardware_irq/irq.c.o
                0x100011c0                irq_has_shared_handler
 .text.irq_set_exclusive_handler
                0x100011e4       0x54 CMakeFiles/firmware.dir/home/ricardo/pico-sdk/src/rp2_common/hardware_irq/irq.c.o
                0x100011e4                irq_set_exclusive_handler
 .text.irq_add_shared_handler
                0x10001238      0x1d8 CMakeFiles/firmware.dir/home/ricardo/pico-sdk/src/rp2_common/hardware_irq/irq.c.o
                0x10001238                irq_add_shared_handler
 .text.irq_set_priority
                0x10001410       0x28 CMakeFiles/firmware.dir/home/ricardo/pico-sdk/src/rp2_common/hardware_irq/irq.c.o
                0x10001410                irq_set_priority
 .text.irq_add_tail_to_free_list
                0x10001438       0xcc CMakeFiles/firmware.dir/home/ricardo/pico-sdk/src/rp2_common/hardware_irq/irq.c.o
                0x10001438                irq_add_tail_to_free_list
 .text.user_irq_claim_unused
                0x10001504       0x2c CMakeFiles/firmware.dir/home/ricardo/pico-sdk/src/rp2_common/hardware_irq/irq.c.o
                0x10001504                user_irq_claim_unused
 .text.lock_init
                0x10001530       0x10 CMakeFiles/firmware.dir/home/ricardo/pico-sdk/src/common/pico_sync/lock_core.c.o
                0x10001530                lock_init
 .text.runtime_init_mutex
                0x10001540       0x50 CMakeFiles/firmware.dir/home/ricardo/pico-sdk/src/common/pico_sync/mutex.c.o
                0x10001540                runtime_init_mutex
 .text.mutex_init
                0x10001590       0x1c CMakeFiles/firmware.dir/home/ricardo/pico-sdk/src/common/pico_sync/mutex.c.o
                0x10001590                mutex_init
 .text.critical_section_init
                0x100015ac       0x1c CMakeFiles/firmware.dir/home/ricardo/pico-sdk/src/common/pico_sync/critical_section.c.o
                0x100015ac                critical_section_init
 .text.critical_section_init_with_lock_num
                0x100015c8       0x14 CMakeFiles/firmware.dir/home/ricardo/pico-sdk/src/common/pico_sync/critical_section.c.o
                0x100015c8                critical_section_init_with_lock_num
 .text.sleep_until_callback
                0x100015dc       0x30 CMakeFiles/firmware.dir/home/ricardo/pico-sdk/src/common/pico_time/time.c.o
 .text.alarm_pool_irq_handler
                0x1000160c      0x2fc CMakeFiles/firmware.dir/home/ricardo/pico-sdk/src/common/pico_time/time.c.o
 .text.runtime_init_default_alarm_pool
                0x10001908       0xdc CMakeFiles/firmware.dir/home/ricardo/pico-sdk/src/common/pico_time/time.c.o
                0x10001908                runtime_init_default_alarm_pool
 .text.alarm_pool_get_default
                0x100019e4        0x8 CMakeFiles/firmware.dir/home/ricardo/pico-sdk/src/common/pico_time/time.c.o
                0x100019e4                alarm_pool_get_default
 .text.alarm_pool_add_alarm_at
                0x100019ec       0xd4 CMakeFiles/firmware.dir/home/ricardo/pico-sdk/src/common/pico_time/time.c.o
                0x100019ec                alarm_pool_add_alarm_at
 .text.alarm_pool_add_alarm_at_force_in_context
                0x10001ac0       0xb0 CMakeFiles/firmware.dir/home/ricardo/pico-sdk/src/common/pico_time/time.c.o
                0x10001ac0                alarm_pool_add_alarm_at_force_in_context
 .text.alarm_pool_cancel_alarm
                0x10001b70       0x74 CMakeFiles/firmware.dir/home/ricardo/pico-sdk/src/common/pico_time/time.c.o
                0x10001b70                alarm_pool_cancel_alarm
 .text.alarm_pool_core_num
                0x10001be4        0x4 CMakeFiles/firmware.dir/home/ricardo/pico-sdk/src/common/pico_time/time.c.o
                0x10001be4                alarm_pool_core_num
 .text.sleep_until
                0x10001be8       0xd8 CMakeFiles/firmware.dir/home/ricardo/pico-sdk/src/common/pico_time/time.c.o
                0x10001be8                sleep_until
 .text.sleep_us
                0x10001cc0       0x28 CMakeFiles/firmware.dir/home/ricardo/pico-sdk/src/common/pico_time/time.c.o
                0x10001cc0                sleep_us
 .text.sleep_ms
                0x10001ce8       0x38 CMakeFiles/firmware.dir/home/ricardo/pico-sdk/src/common/pico_time/time.c.o
                0x10001ce8                sleep_ms
 .text.best_effort_wfe_or_timeout
                0x10001d20      0x118 CMakeFiles/firmware.dir/home/ricardo/pico-sdk/src/common/pico_time/time.c.o
                0x10001d20                best_effort_wfe_or_timeout
 .text.timer_hardware_alarm_claim
                0x10001e38       0x14 CMakeFiles/firmware.dir/home/ricardo/pico-sdk/src/rp2_common/hardware_timer/timer.c.o
                0x10001e38                timer_hardware_alarm_claim
 .text.timer_time_us_64
                0x10001e4c       0x10 CMakeFiles/firmware.dir/home/ricardo/pico-sdk/src/rp2_common/hardware_timer/timer.c.o
                0x10001e4c                timer_time_us_64
 .text.time_us_64
                0x10001e5c       0x14 CMakeFiles/firmware.dir/home/ricardo/pico-sdk/src/rp2_common/hardware_timer/timer.c.o
                0x10001e5c                time_us_64
 .text.busy_wait_until
                0x10001e70       0x20 CMakeFiles/firmware.dir/home/ricardo/pico-sdk/src/rp2_common/hardware_timer/timer.c.o
                0x10001e70                busy_wait_until
 .text.clock_configure_int_divider
                0x10001e90       0xf4 CMakeFiles/firmware.dir/home/ricardo/pico-sdk/src/rp2_common/hardware_clocks/clocks.c.o
                0x10001e90                clock_configure_int_divider
 .text.clock_configure_undivided
                0x10001f84       0xe8 CMakeFiles/firmware.dir/home/ricardo/pico-sdk/src/rp2_common/hardware_clocks/clocks.c.o
                0x10001f84                clock_configure_undivided
 .text.clock_get_hz
                0x1000206c        0xc CMakeFiles/firmware.dir/home/ricardo/pico-sdk/src/rp2_common/hardware_clocks/clocks.c.o
                0x1000206c                clock_get_hz
 .text.pll_init
                0x10002078       0xa4 CMakeFiles/firmware.dir/home/ricardo/pico-sdk/src/rp2_common/hardware_pll/pll.c.o
                0x10002078                pll_init
 .text.watchdog_reboot
                0x1000211c       0x9c CMakeFiles/firmware.dir/home/ricardo/pico-sdk/src/rp2_common/hardware_watchdog/watchdog.c.o
                0x1000211c                watchdog_reboot
 .text.tick_start
                0x100021b8       0x10 CMakeFiles/firmware.dir/home/ricardo/pico-sdk/src/rp2_common/hardware_ticks/ticks.c.o
                0x100021b8                tick_start
 .text.rom_func_lookup
                0x100021c8       0x10 CMakeFiles/firmware.dir/home/ricardo/pico-sdk/src/rp2_common/pico_bootrom/bootrom.c.o
                0x100021c8                rom_func_lookup
 .text.rom_data_lookup
                0x100021d8       0x10 CMakeFiles/firmware.dir/home/ricardo/pico-sdk/src/rp2_common/pico_bootrom/bootrom.c.o
                0x100021d8                rom_data_lookup
 .text.rom_funcs_lookup
                0x100021e8       0x44 CMakeFiles/firmware.dir/home/ricardo/pico-sdk/src/rp2_common/pico_bootrom/bootrom.c.o
                0x100021e8                rom_funcs_lookup
 .text.rom_reset_usb_boot_extra
                0x1000222c       0x28 CMakeFiles/firmware.dir/home/ricardo/pico-sdk/src/rp2_common/pico_bootrom/bootrom.c.o
                0x1000222c                rom_reset_usb_boot_extra
 .text.xosc_init
                0x10002254       0x28 CMakeFiles/firmware.dir/home/ricardo/pico-sdk/src/rp2_common/hardware_xosc/xosc.c.o
                0x10002254                xosc_init
 .text.first_per_core_initializer
                0x1000227c        0x4 CMakeFiles/firmware.dir/home/ricardo/pico-sdk/src/rp2_common/pico_runtime/runtime.c.o
 .text.hard_assertion_failure
                0x10002280        0xc CMakeFiles/firmware.dir/home/ricardo/pico-sdk/src/rp2_common/pico_runtime/runtime.c.o
                0x10002280                hard_assertion_failure
 .text.runtime_run_initializers
                0x1000228c       0x28 CMakeFiles/firmware.dir/home/ricardo/pico-sdk/src/rp2_common/pico_runtime/runtime.c.o
                0x1000228c                runtime_run_initializers
 .text.runtime_run_per_core_initializers
                0x100022b4       0x28 CMakeFiles/firmware.dir/home/ricardo/pico-sdk/src/rp2_common/pico_runtime/runtime.c.o
                0x100022b4                runtime_run_per_core_initializers
 .text.runtime_init_early_resets
                0x100022dc       0x2c CMakeFiles/firmware.dir/home/ricardo/pico-sdk/src/rp2_common/pico_runtime_init/runtime_init.c.o
                0x100022dc                runtime_init_early_resets
 .text.runtime_init_usb_power_down
                0x10002308       0x1c CMakeFiles/firmware.dir/home/ricardo/pico-sdk/src/rp2_common/pico_runtime_init/runtime_init.c.o
                0x10002308                runtime_init_usb_power_down
 .text.runtime_init_post_clock_resets
                0x10002324       0x20 CMakeFiles/firmware.dir/home/ricardo/pico-sdk/src/rp2_common/pico_runtime_init/runtime_init.c.o
                0x10002324                runtime_init_post_clock_resets
 .text.runtime_init_rp2040_gpio_ie_disable
                0x10002344       0x14 CMakeFiles/firmware.dir/home/ricardo/pico-sdk/src/rp2_common/pico_runtime_init/runtime_init.c.o
                0x10002344                runtime_init_rp2040_gpio_ie_disable
 .text.runtime_init_spin_locks_reset
                0x10002358        0x8 CMakeFiles/firmware.dir/home/ricardo/pico-sdk/src/rp2_common/pico_runtime_init/runtime_init.c.o
                0x10002358                runtime_init_spin_locks_reset
 .text.runtime_init_install_ram_vector_table
                0x10002360       0xb4 CMakeFiles/firmware.dir/home/ricardo/pico-sdk/src/rp2_common/pico_runtime_init/runtime_init.c.o
                0x10002360                runtime_init_install_ram_vector_table
 .text.runtime_init_clocks
                0x10002414       0xd8 CMakeFiles/firmware.dir/home/ricardo/pico-sdk/src/rp2_common/pico_runtime_init/runtime_init_clocks.c.o
                0x10002414                runtime_init_clocks
 .text          0x100024ec       0x10 CMakeFiles/firmware.dir/home/ricardo/pico-sdk/src/rp2_common/pico_bit_ops/bit_ops_aeabi.S.o
 .text.__wrap___aeabi_idiv
                0x100024fc       0x50 CMakeFiles/firmware.dir/home/ricardo/pico-sdk/src/rp2_common/pico_divider/divider_hardware.S.o
                0x100024fc                __wrap___aeabi_idivmod
                0x100024fc                divmod_s32s32
                0x100024fc                div_s32s32
                0x100024fc                __wrap___aeabi_idiv
                0x10002530                divmod_s32s32_savestate
 .text.__wrap___aeabi_uidiv
                0x1000254c       0x4c CMakeFiles/firmware.dir/home/ricardo/pico-sdk/src/rp2_common/pico_divider/divider_hardware.S.o
                0x1000254c                __wrap___aeabi_uidiv
                0x1000254c                __wrap___aeabi_uidivmod
                0x1000254c                div_u32u32
                0x1000254c                divmod_u32u32
                0x1000257c                divmod_u32u32_savestate
 .text.__wrap___aeabi_ldiv
                0x10002598      0x424 CMakeFiles/firmware.dir/home/ricardo/pico-sdk/src/rp2_common/pico_divider/divider_hardware.S.o
                0x10002598                div_s64s64
                0x10002598                divmod_s64s64
                0x10002598                __wrap___aeabi_ldivmod
                0x100025c8                div_u64u64
                0x100025c8                divmod_u64u64
                0x100025c8                __wrap___aeabi_uldivmod
                0x100025d8                divmod_u64u64_savestate
                0x100025f8                divmod_s64s64_unsafe
                0x10002680                divmod_u64u64_unsafe
 .text.__wrap___aeabi_darithmetic
                0x100029bc       0x80 CMakeFiles/firmware.dir/home/ricardo/pico-sdk/src/rp2_common/pico_double/double_aeabi_rp2040.S.o
                0x100029bc                __wrap___aeabi_drsub
                0x100029c2                __wrap___aeabi_dsub
                0x100029d4                __wrap___aeabi_dadd
                0x100029e6                __wrap___aeabi_ddiv
                0x10002a22                __wrap___aeabi_dmul
 .text.__wrap___aeabi_cdcmple
                0x10002a3c       0x6c CMakeFiles/firmware.dir/home/ricardo/pico-sdk/src/rp2_common/pico_double/double_aeabi_rp2040.S.o
                0x10002a3c                __wrap___aeabi_cdrcmple
                0x10002a4c                __wrap___aeabi_cdcmple
                0x10002a4c                __wrap___aeabi_cdcmpeq
 .text.__wrap___aeabi_dcmplt
                0x10002aa8        0xc CMakeFiles/firmware.dir/home/ricardo/pico-sdk/src/rp2_common/pico_double/double_aeabi_rp2040.S.o
                0x10002aa8                __wrap___aeabi_dcmplt
 .text.__wrap___aeabi_dcmpge
                0x10002ab4       0x10 CMakeFiles/firmware.dir/home/ricardo/pico-sdk/src/rp2_common/pico_double/double_aeabi_rp2040.S.o
                0x10002ab4                __wrap___aeabi_dcmpge
 .text.__wrap___aeabi_dcmpgt
                0x10002ac4        0xa CMakeFiles/firmware.dir/home/ricardo/pico-sdk/src/rp2_common/pico_double/double_aeabi_rp2040.S.o
                0x10002ac4                __wrap___aeabi_dcmpgt
 .text.__wrap___aeabi_dcmpun
                0x10002ace       0x18 CMakeFiles/firmware.dir/home/ricardo/pico-sdk/src/rp2_common/pico_double/double_aeabi_rp2040.S.o
                0x10002ace                __wrap___aeabi_dcmpun
 *fill*         0x10002ae6        0x2 
 .text.__wrap___aeabi_i2d
                0x10002ae8       0x38 CMakeFiles/firmware.dir/home/ricardo/pico-sdk/src/rp2_common/pico_double/double_aeabi_rp2040.S.o
                0x10002ae8                __wrap___aeabi_ui2d
                0x10002ae8                uint2double
                0x10002af0                __wrap___aeabi_i2d
                0x10002af0                int2double
 .text.__wrap___aeabi_d2iz
                0x10002b20       0x48 CMakeFiles/firmware.dir/home/ricardo/pico-sdk/src/rp2_common/pico_double/double_aeabi_rp2040.S.o
                0x10002b20                __wrap___aeabi_d2iz
                0x10002b20                double2int_z
 .text.__wrap___aeabi_d2uiz
                0x10002b68       0x18 CMakeFiles/firmware.dir/home/ricardo/pico-sdk/src/rp2_common/pico_double/double_aeabi_rp2040.S.o
                0x10002b68                double2uint_z
                0x10002b68                double2uint
                0x10002b68                __wrap___aeabi_d2uiz
 .text.__aeabi_double_init
                0x10002b80       0xa4 CMakeFiles/firmware.dir/home/ricardo/pico-sdk/src/rp2_common/pico_double/double_init_rom_rp2040.c.o
                0x10002b80                __aeabi_double_init
 .text.double_table_shim_on_use_helper
                0x10002c24       0x2c CMakeFiles/firmware.dir/home/ricardo/pico-sdk/src/rp2_common/pico_double/double_v1_rom_shim_rp2040.S.o
                0x10002c24                double_table_shim_on_use_helper
 .text.__wrap___aeabi_dsub
                0x10002c50       0x10 CMakeFiles/firmware.dir/home/ricardo/pico-sdk/src/rp2_common/pico_double/double_v1_rom_shim_rp2040.S.o
                0x10002c50                drsub_shim
                0x10002c56                dsub_shim
 .text.dadd_shim
                0x10002c60      0x15c CMakeFiles/firmware.dir/home/ricardo/pico-sdk/src/rp2_common/pico_double/double_v1_rom_shim_rp2040.S.o
                0x10002c60                dadd_shim
 .text.dmul_shim
                0x10002dbc      0x15c CMakeFiles/firmware.dir/home/ricardo/pico-sdk/src/rp2_common/pico_double/double_v1_rom_shim_rp2040.S.o
                0x10002dbc                dmul_shim
 .text.ddiv_shim
                0x10002f18      0x1b0 CMakeFiles/firmware.dir/home/ricardo/pico-sdk/src/rp2_common/pico_double/double_v1_rom_shim_rp2040.S.o
                0x10002f18                ddiv_shim
 .text.double2uint_shim
                0x100030c8        0xe CMakeFiles/firmware.dir/home/ricardo/pico-sdk/src/rp2_common/pico_double/double_v1_rom_shim_rp2040.S.o
                0x100030c8                double2uint_shim
                0x100030ca                double2ufix_shim
 *fill*         0x100030d6        0x2 
 .text.double2uint64_shim
                0x100030d8       0x70 CMakeFiles/firmware.dir/home/ricardo/pico-sdk/src/rp2_common/pico_double/double_v1_rom_shim_rp2040.S.o
                0x100030d8                double2uint64_shim
                0x100030da                double2ufix64_shim
                0x100030fa                d2fix_a
 .text.dunpacks
                0x10003148       0x3c CMakeFiles/firmware.dir/home/ricardo/pico-sdk/src/rp2_common/pico_double/double_v1_rom_shim_rp2040.S.o
                0x10003148                dunpacks
 .text.__aeabi_lmul
                0x10003184       0x32 CMakeFiles/firmware.dir/home/ricardo/pico-sdk/src/rp2_common/pico_int64_ops/pico_int64_ops_aeabi.S.o
                0x10003184                __wrap___aeabi_lmul
 *fill*         0x100031b6        0x2 
 .text.__wrap___aeabi_farithmetic
                0x100031b8       0x48 CMakeFiles/firmware.dir/home/ricardo/pico-sdk/src/rp2_common/pico_float/float_aeabi_rp2040.S.o
                0x100031b8                __wrap___aeabi_frsub
                0x100031be                __wrap___aeabi_fsub
                0x100031c4                __wrap___aeabi_fadd
                0x100031ca                __wrap___aeabi_fdiv
                0x100031f2                __wrap___aeabi_fmul
 .text.__wrap___aeabi_ui2f
                0x10003200        0xa CMakeFiles/firmware.dir/home/ricardo/pico-sdk/src/rp2_common/pico_float/float_aeabi_rp2040.S.o
                0x10003200                uint2float
                0x10003200                __wrap___aeabi_ui2f
 *fill*         0x1000320a        0x2 
 .text.__wrap___aeabi_i2f
                0x1000320c       0x44 CMakeFiles/firmware.dir/home/ricardo/pico-sdk/src/rp2_common/pico_float/float_aeabi_rp2040.S.o
                0x1000320c                int2float
                0x1000320c                __wrap___aeabi_i2f
 .text.__wrap___aeabi_f2d
                0x10003250       0x14 CMakeFiles/firmware.dir/home/ricardo/pico-sdk/src/rp2_common/pico_float/float_aeabi_rp2040.S.o
                0x10003250                __wrap___aeabi_f2d
 .text.__aeabi_float_init
                0x10003264       0x64 CMakeFiles/firmware.dir/home/ricardo/pico-sdk/src/rp2_common/pico_float/float_init_rom_rp2040.c.o
                0x10003264                __aeabi_float_init
 .text.float_table_shim_on_use_helper
                0x100032c8       0x2c CMakeFiles/firmware.dir/home/ricardo/pico-sdk/src/rp2_common/pico_float/float_v1_rom_shim_rp2040.S.o
                0x100032c8                float_table_shim_on_use_helper
 .text.float2double_shim
                0x100032f4       0x30 CMakeFiles/firmware.dir/home/ricardo/pico-sdk/src/rp2_common/pico_float/float_v1_rom_shim_rp2040.S.o
                0x100032f4                float2double_shim
 .text          0x10003324       0x10 CMakeFiles/firmware.dir/home/ricardo/pico-sdk/src/rp2_common/pico_mem_ops/mem_ops_aeabi.S.o
                0x10003324                __aeabi_mem_init
 .text.memset   0x10003334        0xc CMakeFiles/firmware.dir/home/ricardo/pico-sdk/src/rp2_common/pico_mem_ops/mem_ops_aeabi.S.o
                0x10003334                __wrap_memset
 .text.memcpy   0x10003340        0xc CMakeFiles/firmware.dir/home/ricardo/pico-sdk/src/rp2_common/pico_mem_ops/mem_ops_aeabi.S.o
                0x10003340                __wrap___aeabi_memcpy
                0x10003340                __wrap_memcpy
 .text._out_buffer
                0x1000334c        0x8 CMakeFiles/firmware.dir/home/ricardo/pico-sdk/src/rp2_common/pico_printf/printf.c.o
 .text._out_null
                0x10003354        0x4 CMakeFiles/firmware.dir/home/ricardo/pico-sdk/src/rp2_common/pico_printf/printf.c.o
 .text._out_rev
                0x10003358       0xac CMakeFiles/firmware.dir/home/ricardo/pico-sdk/src/rp2_common/pico_printf/printf.c.o
 .text._ntoa_format
                0x10003404      0x250 CMakeFiles/firmware.dir/home/ricardo/pico-sdk/src/rp2_common/pico_printf/printf.c.o
 .text._out_char
                0x10003654       0x10 CMakeFiles/firmware.dir/home/ricardo/pico-sdk/src/rp2_common/pico_printf/printf.c.o
 .text._out_fct
                0x10003664       0x10 CMakeFiles/firmware.dir/home/ricardo/pico-sdk/src/rp2_common/pico_printf/printf.c.o
 .text._etoa    0x10003674      0x464 CMakeFiles/firmware.dir/home/ricardo/pico-sdk/src/rp2_common/pico_printf/printf.c.o
 .text._ftoa    0x10003ad8      0x3c0 CMakeFiles/firmware.dir/home/ricardo/pico-sdk/src/rp2_common/pico_printf/printf.c.o
 .text._vsnprintf
                0x10003e98      0xbc8 CMakeFiles/firmware.dir/home/ricardo/pico-sdk/src/rp2_common/pico_printf/printf.c.o
 .text.__wrap_snprintf
                0x10004a60       0x28 CMakeFiles/firmware.dir/home/ricardo/pico-sdk/src/rp2_common/pico_printf/printf.c.o
                0x10004a60                __wrap_snprintf
 .text.vfctprintf
                0x10004a88       0x20 CMakeFiles/firmware.dir/home/ricardo/pico-sdk/src/rp2_common/pico_printf/printf.c.o
                0x10004a88                vfctprintf
 .text.weak_raw_vprintf
                0x10004aa8       0x30 CMakeFiles/firmware.dir/home/ricardo/pico-sdk/src/rp2_common/pico_printf/printf.c.o
                0x10004aa8                weak_raw_vprintf
 .text._exit    0x10004ad8        0x4 CMakeFiles/firmware.dir/home/ricardo/pico-sdk/src/rp2_common/pico_clib_interface/newlib_interface.c.o
                0x10004ad8                _exit
 .text._fini    0x10004adc        0x4 CMakeFiles/firmware.dir/home/ricardo/pico-sdk/src/rp2_common/pico_clib_interface/newlib_interface.c.o
                0x10004adc                _fini
 .text.exit     0x10004ae0        0x8 CMakeFiles/firmware.dir/home/ricardo/pico-sdk/src/rp2_common/pico_clib_interface/newlib_interface.c.o
                0x10004ae0                exit
 .text.runtime_init
                0x10004ae8       0x2c CMakeFiles/firmware.dir/home/ricardo/pico-sdk/src/rp2_common/pico_clib_interface/newlib_interface.c.o
                0x10004ae8                runtime_init
 .text.stdio_out_chars_no_crlf
                0x10004b14       0x10 CMakeFiles/firmware.dir/home/ricardo/pico-sdk/src/rp2_common/pico_stdio/stdio.c.o
 .text.stdio_out_chars_crlf
                0x10004b24       0x94 CMakeFiles/firmware.dir/home/ricardo/pico-sdk/src/rp2_common/pico_stdio/stdio.c.o
 .text.stdio_buffered_printer
                0x10004bb8       0x58 CMakeFiles/firmware.dir/home/ricardo/pico-sdk/src/rp2_common/pico_stdio/stdio.c.o
 .text.stdio_put_string
                0x10004c10      0x100 CMakeFiles/firmware.dir/home/ricardo/pico-sdk/src/rp2_common/pico_stdio/stdio.c.o
                0x10004c10                stdio_put_string
 .text.stdio_set_driver_enabled
                0x10004d10       0x30 CMakeFiles/firmware.dir/home/ricardo/pico-sdk/src/rp2_common/pico_stdio/stdio.c.o
                0x10004d10                stdio_set_driver_enabled
 .text.stdio_init_all
                0x10004d40        0x8 CMakeFiles/firmware.dir/home/ricardo/pico-sdk/src/rp2_common/pico_stdio/stdio.c.o
                0x10004d40                stdio_init_all
 .text.__wrap_putchar
                0x10004d48       0x98 CMakeFiles/firmware.dir/home/ricardo/pico-sdk/src/rp2_common/pico_stdio/stdio.c.o
                0x10004d48                stdio_putchar
                0x10004d48                __wrap_putchar
 .text.__wrap_puts
                0x10004de0       0x3c CMakeFiles/firmware.dir/home/ricardo/pico-sdk/src/rp2_common/pico_stdio/stdio.c.o
                0x10004de0                __wrap_puts
                0x10004de0                stdio_puts
 .text.__wrap_vprintf
                0x10004e1c       0xd4 CMakeFiles/firmware.dir/home/ricardo/pico-sdk/src/rp2_common/pico_stdio/stdio.c.o
                0x10004e1c                __wrap_vprintf
                0x10004e1c                stdio_vprintf
 .text.__wrap_printf
                0x10004ef0       0x18 CMakeFiles/firmware.dir/home/ricardo/pico-sdk/src/rp2_common/pico_stdio/stdio.c.o
                0x10004ef0                stdio_printf
                0x10004ef0                __wrap_printf
 .text.stdio_usb_set_chars_available_callback
                0x10004f08       0x14 CMakeFiles/firmware.dir/home/ricardo/pico-sdk/src/rp2_common/pico_stdio_usb/stdio_usb.c.o
                0x10004f08                stdio_usb_set_chars_available_callback
 .text.usb_irq  0x10004f1c       0x10 CMakeFiles/firmware.dir/home/ricardo/pico-sdk/src/rp2_common/pico_stdio_usb/stdio_usb.c.o
 .text.timer_task
                0x10004f2c       0x64 CMakeFiles/firmware.dir/home/ricardo/pico-sdk/src/rp2_common/pico_stdio_usb/stdio_usb.c.o
 .text.stdio_usb_in_chars
                0x10004f90       0x90 CMakeFiles/firmware.dir/home/ricardo/pico-sdk/src/rp2_common/pico_stdio_usb/stdio_usb.c.o
                0x10004f90                stdio_usb_in_chars
 .text.stdio_usb_out_flush
                0x10005020       0x50 CMakeFiles/firmware.dir/home/ricardo/pico-sdk/src/rp2_common/pico_stdio_usb/stdio_usb.c.o
 .text.stdio_usb_out_chars
                0x10005070      0x104 CMakeFiles/firmware.dir/home/ricardo/pico-sdk/src/rp2_common/pico_stdio_usb/stdio_usb.c.o
 .text.low_priority_worker_irq
                0x10005174       0xcc CMakeFiles/firmware.dir/home/ricardo/pico-sdk/src/rp2_common/pico_stdio_usb/stdio_usb.c.o
 .text.stdio_usb_init
                0x10005240       0xec CMakeFiles/firmware.dir/home/ricardo/pico-sdk/src/rp2_common/pico_stdio_usb/stdio_usb.c.o
                0x10005240                stdio_usb_init
 .text.tud_descriptor_device_cb
                0x1000532c        0x8 CMakeFiles/firmware.dir/home/ricardo/pico-sdk/src/rp2_common/pico_stdio_usb/stdio_usb_descriptors.c.o
                0x1000532c                tud_descriptor_device_cb
 .text.tud_descriptor_configuration_cb
                0x10005334        0x8 CMakeFiles/firmware.dir/home/ricardo/pico-sdk/src/rp2_common/pico_stdio_usb/stdio_usb_descriptors.c.o
                0x10005334                tud_descriptor_configuration_cb
 .text.tud_descriptor_string_cb
                0x1000533c       0x78 CMakeFiles/firmware.dir/home/ricardo/pico-sdk/src/rp2_common/pico_stdio_usb/stdio_usb_descriptors.c.o
                0x1000533c                tud_descriptor_string_cb
 .text.startup._retrieve_unique_id_on_boot
                0x100053b4       0x10 CMakeFiles/firmware.dir/home/ricardo/pico-sdk/src/rp2_common/pico_unique_id/unique_id.c.o
 .text.pico_get_unique_board_id_string
                0x100053c4      0x1a8 CMakeFiles/firmware.dir/home/ricardo/pico-sdk/src/rp2_common/pico_unique_id/unique_id.c.o
                0x100053c4                pico_get_unique_board_id_string
 .text.flash_get_unique_id
                0x1000556c       0x3c CMakeFiles/firmware.dir/home/ricardo/pico-sdk/src/rp2_common/hardware_flash/flash.c.o
                0x1000556c                flash_get_unique_id
 .text.usb_reset_interface_init
                0x100055a8        0x4 CMakeFiles/firmware.dir/home/ricardo/pico-sdk/src/rp2_common/pico_usb_reset/usb_reset.c.o
                0x100055a8                usb_reset_interface_init
 .text.usb_reset_interface_reset
                0x100055ac        0xc CMakeFiles/firmware.dir/home/ricardo/pico-sdk/src/rp2_common/pico_usb_reset/usb_reset.c.o
                0x100055ac                usb_reset_interface_reset
 .text.usb_reset_interface_open
                0x100055b8       0x28 CMakeFiles/firmware.dir/home/ricardo/pico-sdk/src/rp2_common/pico_usb_reset/usb_reset.c.o
                0x100055b8                usb_reset_interface_open
 .text.usb_reset_interface_xfer_cb
                0x100055e0        0x4 CMakeFiles/firmware.dir/home/ricardo/pico-sdk/src/rp2_common/pico_usb_reset/usb_reset.c.o
                0x100055e0                usb_reset_interface_xfer_cb
 .text.usb_reset_interface_control_xfer_cb
                0x100055e4       0x60 CMakeFiles/firmware.dir/home/ricardo/pico-sdk/src/rp2_common/pico_usb_reset/usb_reset.c.o
                0x100055e4                usb_reset_interface_control_xfer_cb
 .text.tud_descriptor_bos_cb
                0x10005644        0x8 CMakeFiles/firmware.dir/home/ricardo/pico-sdk/src/rp2_common/pico_usb_reset/usb_reset.c.o
                0x10005644                tud_descriptor_bos_cb
 .text.tud_vendor_control_xfer_cb
                0x1000564c       0x34 CMakeFiles/firmware.dir/home/ricardo/pico-sdk/src/rp2_common/pico_usb_reset/usb_reset.c.o
                0x1000564c                tud_vendor_control_xfer_cb
 .text.usbd_app_driver_get_cb
                0x10005680        0xc CMakeFiles/firmware.dir/home/ricardo/pico-sdk/src/rp2_common/pico_usb_reset/usb_reset.c.o
                0x10005680                usbd_app_driver_get_cb
 .text.tud_cdc_line_coding_cb
                0x1000568c       0x2c CMakeFiles/firmware.dir/home/ricardo/pico-sdk/src/rp2_common/pico_usb_reset/usb_reset.c.o
                0x1000568c                tud_cdc_line_coding_cb
 .text.dcd_init
                0x100056b8       0x90 CMakeFiles/firmware.dir/home/ricardo/pico-sdk/lib/tinyusb/src/portable/raspberrypi/rp2040/dcd_rp2040.c.o
                0x100056b8                dcd_init
 .text.dcd_int_enable
                0x10005748        0xc CMakeFiles/firmware.dir/home/ricardo/pico-sdk/lib/tinyusb/src/portable/raspberrypi/rp2040/dcd_rp2040.c.o
                0x10005748                dcd_int_enable
 .text.dcd_set_address
                0x10005754       0x14 CMakeFiles/firmware.dir/home/ricardo/pico-sdk/lib/tinyusb/src/portable/raspberrypi/rp2040/dcd_rp2040.c.o
                0x10005754                dcd_set_address
 .text.dcd_sof_enable
                0x10005768       0x1c CMakeFiles/firmware.dir/home/ricardo/pico-sdk/lib/tinyusb/src/portable/raspberrypi/rp2040/dcd_rp2040.c.o
                0x10005768                dcd_sof_enable
 .text.dcd_edpt0_status_complete
                0x10005784       0x1c CMakeFiles/firmware.dir/home/ricardo/pico-sdk/lib/tinyusb/src/portable/raspberrypi/rp2040/dcd_rp2040.c.o
                0x10005784                dcd_edpt0_status_complete
 .text.dcd_edpt_open
                0x100057a0       0xf8 CMakeFiles/firmware.dir/home/ricardo/pico-sdk/lib/tinyusb/src/portable/raspberrypi/rp2040/dcd_rp2040.c.o
                0x100057a0                dcd_edpt_open
 .text.dcd_edpt_close_all
                0x10005898        0x8 CMakeFiles/firmware.dir/home/ricardo/pico-sdk/lib/tinyusb/src/portable/raspberrypi/rp2040/dcd_rp2040.c.o
                0x10005898                dcd_edpt_close_all
 .text.dcd_edpt_xfer
                0x100058a0       0x24 CMakeFiles/firmware.dir/home/ricardo/pico-sdk/lib/tinyusb/src/portable/raspberrypi/rp2040/dcd_rp2040.c.o
                0x100058a0                dcd_edpt_xfer
 .text.dcd_edpt_stall
                0x100058c4       0x34 CMakeFiles/firmware.dir/home/ricardo/pico-sdk/lib/tinyusb/src/portable/raspberrypi/rp2040/dcd_rp2040.c.o
                0x100058c4                dcd_edpt_stall
 .text.dcd_edpt_clear_stall
                0x100058f8       0x30 CMakeFiles/firmware.dir/home/ricardo/pico-sdk/lib/tinyusb/src/portable/raspberrypi/rp2040/dcd_rp2040.c.o
                0x100058f8                dcd_edpt_clear_stall
 .text.rp2040_usb_init
                0x10005928       0x40 CMakeFiles/firmware.dir/home/ricardo/pico-sdk/lib/tinyusb/src/portable/raspberrypi/rp2040/rp2040_usb.c.o
                0x10005928                rp2040_usb_init
 .text.hw_endpoint_xfer_start
                0x10005968       0x40 CMakeFiles/firmware.dir/home/ricardo/pico-sdk/lib/tinyusb/src/portable/raspberrypi/rp2040/rp2040_usb.c.o
                0x10005968                hw_endpoint_xfer_start
 .text.tud_event_hook_cb
                0x100059a8        0x4 CMakeFiles/firmware.dir/home/ricardo/pico-sdk/lib/tinyusb/src/device/usbd.c.o
                0x100059a8                tud_event_hook_cb
 .text.tud_sof_cb
                0x100059ac        0x4 CMakeFiles/firmware.dir/home/ricardo/pico-sdk/lib/tinyusb/src/device/usbd.c.o
                0x100059ac                tud_sof_cb
 .text.tud_descriptor_device_qualifier_cb
                0x100059b0        0x4 CMakeFiles/firmware.dir/home/ricardo/pico-sdk/lib/tinyusb/src/device/usbd.c.o
                0x100059b0                tud_descriptor_device_qualifier_cb
 .text.tud_descriptor_other_speed_configuration_cb
                0x100059b4        0x4 CMakeFiles/firmware.dir/home/ricardo/pico-sdk/lib/tinyusb/src/device/usbd.c.o
                0x100059b4                tud_descriptor_other_speed_configuration_cb
 .text.tud_mount_cb
                0x100059b8        0x4 CMakeFiles/firmware.dir/home/ricardo/pico-sdk/lib/tinyusb/src/device/usbd.c.o
                0x100059b8                tud_mount_cb
 .text.tud_umount_cb
                0x100059bc        0x4 CMakeFiles/firmware.dir/home/ricardo/pico-sdk/lib/tinyusb/src/device/usbd.c.o
                0x100059bc                tud_umount_cb
 .text.tud_suspend_cb
                0x100059c0        0x4 CMakeFiles/firmware.dir/home/ricardo/pico-sdk/lib/tinyusb/src/device/usbd.c.o
                0x100059c0                tud_suspend_cb
 .text.tud_resume_cb
                0x100059c4        0x4 CMakeFiles/firmware.dir/home/ricardo/pico-sdk/lib/tinyusb/src/device/usbd.c.o
                0x100059c4                tud_resume_cb
 .text.tud_mounted
                0x100059c8       0x10 CMakeFiles/firmware.dir/home/ricardo/pico-sdk/lib/tinyusb/src/device/usbd.c.o
                0x100059c8                tud_mounted
 .text.tud_suspended
                0x100059d8       0x10 CMakeFiles/firmware.dir/home/ricardo/pico-sdk/lib/tinyusb/src/device/usbd.c.o
                0x100059d8                tud_suspended
 .text.tud_rhport_init
                0x100059e8       0xf4 CMakeFiles/firmware.dir/home/ricardo/pico-sdk/lib/tinyusb/src/device/usbd.c.o
                0x100059e8                tud_rhport_init
 .text.tud_task_ext
                0x10005adc      0x7d8 CMakeFiles/firmware.dir/home/ricardo/pico-sdk/lib/tinyusb/src/device/usbd.c.o
                0x10005adc                tud_task_ext
 .text.usbd_open_edpt_pair
                0x100062b4       0x9c CMakeFiles/firmware.dir/home/ricardo/pico-sdk/lib/tinyusb/src/device/usbd.c.o
                0x100062b4                usbd_open_edpt_pair
 .text.usbd_edpt_open
                0x10006350       0x34 CMakeFiles/firmware.dir/home/ricardo/pico-sdk/lib/tinyusb/src/device/usbd.c.o
                0x10006350                usbd_edpt_open
 .text.usbd_edpt_claim
                0x10006384       0x28 CMakeFiles/firmware.dir/home/ricardo/pico-sdk/lib/tinyusb/src/device/usbd.c.o
                0x10006384                usbd_edpt_claim
 .text.usbd_edpt_release
                0x100063ac       0x28 CMakeFiles/firmware.dir/home/ricardo/pico-sdk/lib/tinyusb/src/device/usbd.c.o
                0x100063ac                usbd_edpt_release
 .text.usbd_edpt_xfer
                0x100063d4       0x4c CMakeFiles/firmware.dir/home/ricardo/pico-sdk/lib/tinyusb/src/device/usbd.c.o
                0x100063d4                usbd_edpt_xfer
 .text.tud_control_status
                0x10006420       0x2c CMakeFiles/firmware.dir/home/ricardo/pico-sdk/lib/tinyusb/src/device/usbd_control.c.o
                0x10006420                tud_control_status
 .text.tud_control_xfer
                0x1000644c       0xac CMakeFiles/firmware.dir/home/ricardo/pico-sdk/lib/tinyusb/src/device/usbd_control.c.o
                0x1000644c                tud_control_xfer
 .text.usbd_control_reset
                0x100064f8       0x14 CMakeFiles/firmware.dir/home/ricardo/pico-sdk/lib/tinyusb/src/device/usbd_control.c.o
                0x100064f8                usbd_control_reset
 .text.usbd_control_set_complete_callback
                0x1000650c        0xc CMakeFiles/firmware.dir/home/ricardo/pico-sdk/lib/tinyusb/src/device/usbd_control.c.o
                0x1000650c                usbd_control_set_complete_callback
 .text.usbd_control_set_request
                0x10006518       0x1c CMakeFiles/firmware.dir/home/ricardo/pico-sdk/lib/tinyusb/src/device/usbd_control.c.o
                0x10006518                usbd_control_set_request
 .text.usbd_control_xfer_cb
                0x10006534       0xec CMakeFiles/firmware.dir/home/ricardo/pico-sdk/lib/tinyusb/src/device/usbd_control.c.o
                0x10006534                usbd_control_xfer_cb
 .text._prep_out_transaction.isra.0
                0x10006620       0x6c CMakeFiles/firmware.dir/home/ricardo/pico-sdk/lib/tinyusb/src/class/cdc/cdc_device.c.o
 .text.tud_cdc_n_connected
                0x1000668c       0x2c CMakeFiles/firmware.dir/home/ricardo/pico-sdk/lib/tinyusb/src/class/cdc/cdc_device.c.o
                0x1000668c                tud_cdc_n_connected
 .text.tud_cdc_n_available
                0x100066b8       0x14 CMakeFiles/firmware.dir/home/ricardo/pico-sdk/lib/tinyusb/src/class/cdc/cdc_device.c.o
                0x100066b8                tud_cdc_n_available
 .text.tud_cdc_n_read
                0x100066cc       0x94 CMakeFiles/firmware.dir/home/ricardo/pico-sdk/lib/tinyusb/src/class/cdc/cdc_device.c.o
                0x100066cc                tud_cdc_n_read
 .text.tud_cdc_n_write_flush
                0x10006760       0x74 CMakeFiles/firmware.dir/home/ricardo/pico-sdk/lib/tinyusb/src/class/cdc/cdc_device.c.o
                0x10006760                tud_cdc_n_write_flush
 .text.tud_cdc_n_write
                0x100067d4       0x40 CMakeFiles/firmware.dir/home/ricardo/pico-sdk/lib/tinyusb/src/class/cdc/cdc_device.c.o
                0x100067d4                tud_cdc_n_write
 .text.tud_cdc_n_write_available
                0x10006814       0x14 CMakeFiles/firmware.dir/home/ricardo/pico-sdk/lib/tinyusb/src/class/cdc/cdc_device.c.o
                0x10006814                tud_cdc_n_write_available
 .text.cdcd_init
                0x10006828       0x70 CMakeFiles/firmware.dir/home/ricardo/pico-sdk/lib/tinyusb/src/class/cdc/cdc_device.c.o
                0x10006828                cdcd_init
 .text.cdcd_deinit
                0x10006898       0x34 CMakeFiles/firmware.dir/home/ricardo/pico-sdk/lib/tinyusb/src/class/cdc/cdc_device.c.o
                0x10006898                cdcd_deinit
 .text.cdcd_reset
                0x100068cc       0x4c CMakeFiles/firmware.dir/home/ricardo/pico-sdk/lib/tinyusb/src/class/cdc/cdc_device.c.o
                0x100068cc                cdcd_reset
 .text.cdcd_open
                0x10006918       0xa8 CMakeFiles/firmware.dir/home/ricardo/pico-sdk/lib/tinyusb/src/class/cdc/cdc_device.c.o
                0x10006918                cdcd_open
 .text.cdcd_control_xfer_cb
                0x100069c0       0xe8 CMakeFiles/firmware.dir/home/ricardo/pico-sdk/lib/tinyusb/src/class/cdc/cdc_device.c.o
                0x100069c0                cdcd_control_xfer_cb
 .text.cdcd_xfer_cb
                0x10006aa8      0x100 CMakeFiles/firmware.dir/home/ricardo/pico-sdk/lib/tinyusb/src/class/cdc/cdc_device.c.o
                0x10006aa8                cdcd_xfer_cb
 .text.tusb_rhport_init
                0x10006ba8       0x48 CMakeFiles/firmware.dir/home/ricardo/pico-sdk/lib/tinyusb/src/tusb.c.o
                0x10006ba8                tusb_rhport_init
 .text.tu_edpt_claim
                0x10006bf0       0x50 CMakeFiles/firmware.dir/home/ricardo/pico-sdk/lib/tinyusb/src/tusb.c.o
                0x10006bf0                tu_edpt_claim
 .text.tu_edpt_release
                0x10006c40       0x38 CMakeFiles/firmware.dir/home/ricardo/pico-sdk/lib/tinyusb/src/tusb.c.o
                0x10006c40                tu_edpt_release
 .text.tu_edpt_validate
                0x10006c78       0x7c CMakeFiles/firmware.dir/home/ricardo/pico-sdk/lib/tinyusb/src/tusb.c.o
                0x10006c78                tu_edpt_validate
 .text.tu_edpt_bind_driver
                0x10006cf4       0x34 CMakeFiles/firmware.dir/home/ricardo/pico-sdk/lib/tinyusb/src/tusb.c.o
                0x10006cf4                tu_edpt_bind_driver
 .text.tu_fifo_config
                0x10006d28       0x6c CMakeFiles/firmware.dir/home/ricardo/pico-sdk/lib/tinyusb/src/common/tusb_fifo.c.o
                0x10006d28                tu_fifo_config
 .text.tu_fifo_count
                0x10006d94       0x2c CMakeFiles/firmware.dir/home/ricardo/pico-sdk/lib/tinyusb/src/common/tusb_fifo.c.o
                0x10006d94                tu_fifo_count
 .text.tu_fifo_empty
                0x10006dc0       0x10 CMakeFiles/firmware.dir/home/ricardo/pico-sdk/lib/tinyusb/src/common/tusb_fifo.c.o
                0x10006dc0                tu_fifo_empty
 .text.tu_fifo_remaining
                0x10006dd0       0x2c CMakeFiles/firmware.dir/home/ricardo/pico-sdk/lib/tinyusb/src/common/tusb_fifo.c.o
                0x10006dd0                tu_fifo_remaining
 .text.tu_fifo_read
                0x10006dfc       0x9c CMakeFiles/firmware.dir/home/ricardo/pico-sdk/lib/tinyusb/src/common/tusb_fifo.c.o
                0x10006dfc                tu_fifo_read
 .text.tu_fifo_read_n
                0x10006e98       0xe8 CMakeFiles/firmware.dir/home/ricardo/pico-sdk/lib/tinyusb/src/common/tusb_fifo.c.o
                0x10006e98                tu_fifo_read_n
 .text.tu_fifo_write
                0x10006f80       0xa8 CMakeFiles/firmware.dir/home/ricardo/pico-sdk/lib/tinyusb/src/common/tusb_fifo.c.o
                0x10006f80                tu_fifo_write
 .text.tu_fifo_write_n
                0x10007028      0x178 CMakeFiles/firmware.dir/home/ricardo/pico-sdk/lib/tinyusb/src/common/tusb_fifo.c.o
                0x10007028                tu_fifo_write_n
 .text.tu_fifo_clear
                0x100071a0       0x40 CMakeFiles/firmware.dir/home/ricardo/pico-sdk/lib/tinyusb/src/common/tusb_fifo.c.o
                0x100071a0                tu_fifo_clear
 .text.tu_fifo_set_overwritable
                0x100071e0       0x48 CMakeFiles/firmware.dir/home/ricardo/pico-sdk/lib/tinyusb/src/common/tusb_fifo.c.o
                0x100071e0                tu_fifo_set_overwritable
 .text.runtime_init_per_core_tls_setup
                0x10007228        0xc CMakeFiles/firmware.dir/home/ricardo/pico-sdk/src/rp2_common/pico_thread_local/thread_local.c.o
                0x10007228                runtime_init_per_core_tls_setup
 .text.i2c_read_blocking_internal.constprop.0
                0x10007234       0x98 CMakeFiles/firmware.dir/home/ricardo/pico-sdk/src/rp2_common/hardware_i2c/i2c.c.o
 .text.i2c_write_blocking_internal.constprop.0
                0x100072cc       0xd0 CMakeFiles/firmware.dir/home/ricardo/pico-sdk/src/rp2_common/hardware_i2c/i2c.c.o
 .text.i2c_set_baudrate
                0x1000739c       0xc0 CMakeFiles/firmware.dir/home/ricardo/pico-sdk/src/rp2_common/hardware_i2c/i2c.c.o
                0x1000739c                i2c_set_baudrate
 .text.i2c_init
                0x1000745c       0x54 CMakeFiles/firmware.dir/home/ricardo/pico-sdk/src/rp2_common/hardware_i2c/i2c.c.o
                0x1000745c                i2c_init
 .text.i2c_write_blocking
                0x100074b0       0x14 CMakeFiles/firmware.dir/home/ricardo/pico-sdk/src/rp2_common/hardware_i2c/i2c.c.o
                0x100074b0                i2c_write_blocking
 .text.i2c_read_blocking
                0x100074c4       0x14 CMakeFiles/firmware.dir/home/ricardo/pico-sdk/src/rp2_common/hardware_i2c/i2c.c.o
                0x100074c4                i2c_read_blocking
 .text.core1_trampoline
                0x100074d8        0x4 CMakeFiles/firmware.dir/home/ricardo/pico-sdk/src/rp2_common/pico_multicore/multicore.c.o
 .text.core1_wrapper
                0x100074dc        0xc CMakeFiles/firmware.dir/home/ricardo/pico-sdk/src/rp2_common/pico_multicore/multicore.c.o
                0x100074dc                core1_wrapper
 .text.multicore_launch_core1_raw
                0x100074e8       0x8c CMakeFiles/firmware.dir/home/ricardo/pico-sdk/src/rp2_common/pico_multicore/multicore.c.o
                0x100074e8                multicore_launch_core1_raw
 .text.multicore_launch_core1
                0x10007574       0x58 CMakeFiles/firmware.dir/home/ricardo/pico-sdk/src/rp2_common/pico_multicore/multicore.c.o
                0x10007574                multicore_launch_core1
 .text.exception_set_exclusive_handler
                0x100075cc       0x40 CMakeFiles/firmware.dir/home/ricardo/pico-sdk/src/rp2_common/hardware_exception/exception.c.o
                0x100075cc                exception_set_exclusive_handler
 .text.pvPortMalloc
                0x1000760c      0x184 CMakeFiles/firmware.dir/home/ricardo/FreeRTOS-Kernel/portable/MemMang/heap_4.c.o
                0x1000760c                pvPortMalloc
 .text.vPortFree
                0x10007790       0xd0 CMakeFiles/firmware.dir/home/ricardo/FreeRTOS-Kernel/portable/MemMang/heap_4.c.o
                0x10007790                vPortFree
 .text.prvPassiveIdleTask
                0x10007860       0x20 libFreeRTOS-Kernel.a(tasks.c.o)
 .text.prvYieldForTask
                0x10007880       0xd0 libFreeRTOS-Kernel.a(tasks.c.o)
 .text.prvAddCurrentTaskToDelayedList
                0x10007950      0x144 libFreeRTOS-Kernel.a(tasks.c.o)
 .text.vTaskExitCritical.part.0
                0x10007a94       0xb4 libFreeRTOS-Kernel.a(tasks.c.o)
 .text.prvCheckForRunStateChange
                0x10007b48      0x1c4 libFreeRTOS-Kernel.a(tasks.c.o)
 .text.vTaskSuspendAll.part.0
                0x10007d0c      0x128 libFreeRTOS-Kernel.a(tasks.c.o)
 .text.prvCheckTasksWaitingTermination
                0x10007e34      0x180 libFreeRTOS-Kernel.a(tasks.c.o)
 .text.prvIdleTask
                0x10007fb4       0x1c libFreeRTOS-Kernel.a(tasks.c.o)
 .text.vTaskSuspendAll
                0x10007fd0      0x134 libFreeRTOS-Kernel.a(tasks.c.o)
                0x10007fd0                vTaskSuspendAll
 .text.xTaskGetTickCount
                0x10008104        0xc libFreeRTOS-Kernel.a(tasks.c.o)
                0x10008104                xTaskGetTickCount
 .text.uxTaskGetNumberOfTasks
                0x10008110        0xc libFreeRTOS-Kernel.a(tasks.c.o)
                0x10008110                uxTaskGetNumberOfTasks
 .text.xTaskIncrementTick
                0x1000811c      0x258 libFreeRTOS-Kernel.a(tasks.c.o)
                0x1000811c                xTaskIncrementTick
 .text.xTaskResumeAll.part.0
                0x10008374      0x2a0 libFreeRTOS-Kernel.a(tasks.c.o)
 .text.xTaskResumeAll
                0x10008614       0x18 libFreeRTOS-Kernel.a(tasks.c.o)
                0x10008614                xTaskResumeAll
 .text.xTaskDelayUntil
                0x1000862c       0xac libFreeRTOS-Kernel.a(tasks.c.o)
                0x1000862c                xTaskDelayUntil
 .text.vTaskDelay
                0x100086d8       0x64 libFreeRTOS-Kernel.a(tasks.c.o)
                0x100086d8                vTaskDelay
 .text.vTaskSwitchContext
                0x1000873c      0x40c libFreeRTOS-Kernel.a(tasks.c.o)
                0x1000873c                vTaskSwitchContext
 .text.vTaskPlaceOnEventList
                0x10008b48       0x38 libFreeRTOS-Kernel.a(tasks.c.o)
                0x10008b48                vTaskPlaceOnEventList
 .text.vTaskPlaceOnEventListRestricted
                0x10008b80       0x94 libFreeRTOS-Kernel.a(tasks.c.o)
                0x10008b80                vTaskPlaceOnEventListRestricted
 .text.xTaskRemoveFromEventList
                0x10008c14       0xc4 libFreeRTOS-Kernel.a(tasks.c.o)
                0x10008c14                xTaskRemoveFromEventList
 .text.vTaskInternalSetTimeOutState
                0x10008cd8       0x18 libFreeRTOS-Kernel.a(tasks.c.o)
                0x10008cd8                vTaskInternalSetTimeOutState
 .text.xTaskCheckForTimeOut
                0x10008cf0      0x1bc libFreeRTOS-Kernel.a(tasks.c.o)
                0x10008cf0                xTaskCheckForTimeOut
 .text.vTaskMissedYield
                0x10008eac       0x14 libFreeRTOS-Kernel.a(tasks.c.o)
                0x10008eac                vTaskMissedYield
 .text.xTaskGetSchedulerState
                0x10008ec0      0x114 libFreeRTOS-Kernel.a(tasks.c.o)
                0x10008ec0                xTaskGetSchedulerState
 .text.xTaskPriorityDisinherit
                0x10008fd4       0xdc libFreeRTOS-Kernel.a(tasks.c.o)
                0x10008fd4                xTaskPriorityDisinherit
 .text.vTaskYieldWithinAPI
                0x100090b0       0x28 libFreeRTOS-Kernel.a(tasks.c.o)
                0x100090b0                vTaskYieldWithinAPI
 .text.vTaskEnterCritical
                0x100090d8       0xf8 libFreeRTOS-Kernel.a(tasks.c.o)
                0x100090d8                vTaskEnterCritical
 .text.prvAddNewTaskToReadyList
                0x100091d0       0xf0 libFreeRTOS-Kernel.a(tasks.c.o)
 .text.xTaskCreate
                0x100092c0      0x164 libFreeRTOS-Kernel.a(tasks.c.o)
                0x100092c0                xTaskCreate
 .text.xTaskCreateAffinitySet
                0x10009424      0x164 libFreeRTOS-Kernel.a(tasks.c.o)
                0x10009424                xTaskCreateAffinitySet
 .text.vTaskStartScheduler
                0x10009588      0x1ec libFreeRTOS-Kernel.a(tasks.c.o)
                0x10009588                vTaskStartScheduler
 .text.vTaskEnterCriticalFromISR
                0x10009774       0x8c libFreeRTOS-Kernel.a(tasks.c.o)
                0x10009774                vTaskEnterCriticalFromISR
 .text.vTaskExitCritical
                0x10009800       0xc0 libFreeRTOS-Kernel.a(tasks.c.o)
                0x10009800                vTaskExitCritical
 .text.vTaskExitCriticalFromISR
                0x100098c0       0x78 libFreeRTOS-Kernel.a(tasks.c.o)
                0x100098c0                vTaskExitCriticalFromISR
 .text.vListInitialise
                0x10009938       0x18 libFreeRTOS-Kernel.a(list.c.o)
                0x10009938                vListInitialise
 .text.vListInitialiseItem
                0x10009950        0x8 libFreeRTOS-Kernel.a(list.c.o)
                0x10009950                vListInitialiseItem
 .text.vListInsertEnd
                0x10009958       0x18 libFreeRTOS-Kernel.a(list.c.o)
                0x10009958                vListInsertEnd
 .text.vListInsert
                0x10009970       0x30 libFreeRTOS-Kernel.a(list.c.o)
                0x10009970                vListInsert
 .text.uxListRemove
                0x100099a0       0x20 libFreeRTOS-Kernel.a(list.c.o)
                0x100099a0                uxListRemove
 .text.prvTimerTask
                0x100099c0      0x3ac libFreeRTOS-Kernel.a(timers.c.o)
 .text.xTimerCreateTimerTask
                0x10009d6c       0x98 libFreeRTOS-Kernel.a(timers.c.o)
                0x10009d6c                xTimerCreateTimerTask
 .text.isr_svcall
                0x10009e04        0x4 libFreeRTOS-Kernel.a(port.c.o)
                0x10009e04                isr_svcall
 *fill*         0x10009e08        0x8 
 .text.vPortStartFirstTask
                0x10009e10       0x38 libFreeRTOS-Kernel.a(port.c.o)
 .text.prvFIFOInterruptHandler
                0x10009e48       0x2c libFreeRTOS-Kernel.a(port.c.o)
 *fill*         0x10009e74        0xc 
 .text.isr_pendsv
                0x10009e80       0x78 libFreeRTOS-Kernel.a(port.c.o)
                0x10009e80                isr_pendsv
 .text.isr_systick
                0x10009ef8       0x24 libFreeRTOS-Kernel.a(port.c.o)
                0x10009ef8                isr_systick
 .text.prvTaskExitError
                0x10009f1c        0x8 libFreeRTOS-Kernel.a(port.c.o)
 .text.pxPortInitialiseStack
                0x10009f24       0x20 libFreeRTOS-Kernel.a(port.c.o)
                0x10009f24                pxPortInitialiseStack
 .text.vPortYield
                0x10009f44       0x30 libFreeRTOS-Kernel.a(port.c.o)
                0x10009f44                vPortYield
 .text.vPortEnableInterrupts
                0x10009f74       0x30 libFreeRTOS-Kernel.a(port.c.o)
                0x10009f74                vPortEnableInterrupts
 .text.ulSetInterruptMaskFromISR
                0x10009fa4        0x8 libFreeRTOS-Kernel.a(port.c.o)
                0x10009fa4                ulSetInterruptMaskFromISR
 .text.vClearInterruptMaskFromISR
                0x10009fac        0x8 libFreeRTOS-Kernel.a(port.c.o)
                0x10009fac                vClearInterruptMaskFromISR
 .text.vYieldCore
                0x10009fb4       0x14 libFreeRTOS-Kernel.a(port.c.o)
                0x10009fb4                vYieldCore
 .text.vPortSetupTimerInterrupt
                0x10009fc8       0x34 libFreeRTOS-Kernel.a(port.c.o)
                0x10009fc8                vPortSetupTimerInterrupt
 .text.xPortStartSchedulerOnCore.isra.0
                0x10009ffc       0xa4 libFreeRTOS-Kernel.a(port.c.o)
 .text.prvDisableInterruptsAndPortStartSchedulerOnCore
                0x1000a0a0        0x8 libFreeRTOS-Kernel.a(port.c.o)
 .text.xPortStartScheduler
                0x1000a0a8       0x40 libFreeRTOS-Kernel.a(port.c.o)
                0x1000a0a8                xPortStartScheduler
 .text.startup.prvRuntimeInitializer
                0x1000a0e8       0x10 libFreeRTOS-Kernel.a(port.c.o)
 .text.prvUnlockQueue
                0x1000a0f8      0x180 libFreeRTOS-Kernel.a(queue.c.o)
 .text.xQueueGenericCreate
                0x1000a278       0xa8 libFreeRTOS-Kernel.a(queue.c.o)
                0x1000a278                xQueueGenericCreate
 .text.xQueueReceive
                0x1000a320      0x148 libFreeRTOS-Kernel.a(queue.c.o)
                0x1000a320                xQueueReceive
 .text.vQueueAddToRegistry
                0x1000a468      0x120 libFreeRTOS-Kernel.a(queue.c.o)
                0x1000a468                vQueueAddToRegistry
 .text.vQueueWaitForMessageRestricted
                0x1000a588       0x48 libFreeRTOS-Kernel.a(queue.c.o)
                0x1000a588                vQueueWaitForMessageRestricted
 .text.xEventGroupCreate
                0x1000a5d0       0x18 libFreeRTOS-Kernel.a(event_groups.c.o)
                0x1000a5d0                xEventGroupCreate
 .text          0x1000a5e8       0x5c /usr/lib/gcc/arm-none-eabi/13.2.1/../../../arm-none-eabi/lib/thumb/v6-m/nofp/libg.a(libc_a-strlen-stub.o)
                0x1000a5e8                strlen
 *fill*         0x1000a644        0x4 
 .text.__stub   0x1000a648       0xc0 linker stubs
 *(.fini)
 *crtbegin.o(.ctors)
 *crtbegin?.o(.ctors)
 *(EXCLUDE_FILE(*crtend.o *crtend?.o) .ctors)
 *(SORT_BY_NAME(.ctors.*))
 *(.ctors)
 *crtbegin.o(.dtors)
 *crtbegin?.o(.dtors)
 *(EXCLUDE_FILE(*crtend.o *crtend?.o) .dtors)
 *(SORT_BY_NAME(.dtors.*))
 *(.dtors)
                0x1000a708                        . = ALIGN (0x4)
                [!provide]                        PROVIDE (__bothinit_array_start = .)
                0x1000a708                        PROVIDE (__preinit_array_start = .)
 *(SORT_BY_NAME(.preinit_array.*))
 .preinit_array.00100
                0x1000a708        0x4 CMakeFiles/firmware.dir/home/ricardo/pico-sdk/src/rp2_common/pico_runtime_init/runtime_init.c.o
                0x1000a708                __pre_init_runtime_init_early_resets
 .preinit_array.00101
                0x1000a70c        0x4 CMakeFiles/firmware.dir/home/ricardo/pico-sdk/src/rp2_common/pico_runtime_init/runtime_init.c.o
                0x1000a70c                __pre_init_runtime_init_usb_power_down
 .preinit_array.00275
                0x1000a710        0x4 CMakeFiles/firmware.dir/home/ricardo/pico-sdk/src/rp2_common/pico_bit_ops/bit_ops_aeabi.S.o
 .preinit_array.00300
                0x1000a714        0x4 CMakeFiles/firmware.dir/home/ricardo/pico-sdk/src/rp2_common/pico_mem_ops/mem_ops_aeabi.S.o
 .preinit_array.00350
                0x1000a718        0x4 CMakeFiles/firmware.dir/home/ricardo/pico-sdk/src/rp2_common/pico_double/double_aeabi_rp2040.S.o
 .preinit_array.00350
                0x1000a71c        0x4 CMakeFiles/firmware.dir/home/ricardo/pico-sdk/src/rp2_common/pico_float/float_aeabi_rp2040.S.o
 .preinit_array.00500
                0x1000a720        0x4 CMakeFiles/firmware.dir/home/ricardo/pico-sdk/src/rp2_common/pico_runtime_init/runtime_init.c.o
                0x1000a720                __pre_init_runtime_init_clocks
 .preinit_array.00600
                0x1000a724        0x4 CMakeFiles/firmware.dir/home/ricardo/pico-sdk/src/rp2_common/pico_runtime_init/runtime_init.c.o
                0x1000a724                __pre_init_runtime_init_post_clock_resets
 .preinit_array.00700
                0x1000a728        0x4 CMakeFiles/firmware.dir/home/ricardo/pico-sdk/src/rp2_common/pico_runtime_init/runtime_init.c.o
                0x1000a728                __pre_init_runtime_init_rp2040_gpio_ie_disable
 .preinit_array.01000
                0x1000a72c        0x4 CMakeFiles/firmware.dir/home/ricardo/pico-sdk/src/rp2_common/pico_runtime_init/runtime_init.c.o
                0x1000a72c                __pre_init_runtime_init_spin_locks_reset
 .preinit_array.01100
                0x1000a730        0x4 CMakeFiles/firmware.dir/home/ricardo/pico-sdk/src/common/pico_sync/mutex.c.o
                0x1000a730                __pre_init_runtime_init_mutex
 .preinit_array.10080
                0x1000a734        0x4 CMakeFiles/firmware.dir/home/ricardo/pico-sdk/src/rp2_common/pico_runtime_init/runtime_init.c.o
                0x1000a734                __pre_init_runtime_init_install_ram_vector_table
 .preinit_array.11000
                0x1000a738        0x4 CMakeFiles/firmware.dir/home/ricardo/pico-sdk/src/common/pico_time/time.c.o
                0x1000a738                __pre_init_runtime_init_default_alarm_pool
 .preinit_array.YYYYY
                0x1000a73c        0x4 CMakeFiles/firmware.dir/home/ricardo/pico-sdk/src/rp2_common/pico_runtime/runtime.c.o
                0x1000a73c                __pre_init_first_per_core_initializer
 .preinit_array.ZZZZZ.01200
                0x1000a740        0x4 CMakeFiles/firmware.dir/home/ricardo/pico-sdk/src/rp2_common/hardware_irq/irq.c.o
                0x1000a740                __pre_init_runtime_init_per_core_irq_priorities
 .preinit_array.ZZZZZ.10060
                0x1000a744        0x4 CMakeFiles/firmware.dir/home/ricardo/pico-sdk/src/rp2_common/pico_thread_local/thread_local.c.o
                0x1000a744                __pre_init_runtime_init_per_core_tls_setup
 *(.preinit_array)
                0x1000a748                        PROVIDE (__preinit_array_end = .)
                0x1000a748                        . = ALIGN (0x4)
                0x1000a748                        PROVIDE (__init_array_start = .)
 *(SORT_BY_NAME(.init_array.*))
 .init_array.01000
                0x1000a748        0x4 CMakeFiles/firmware.dir/home/ricardo/pico-sdk/src/rp2_common/pico_unique_id/unique_id.c.o
 *(.init_array)
 .init_array    0x1000a74c        0x4 libFreeRTOS-Kernel.a(port.c.o)
                0x1000a750                        PROVIDE (__init_array_end = .)
                [!provide]                        PROVIDE (__bothinit_array_end = .)
                0x1000a750                        . = ALIGN (0x4)
                [!provide]                        PROVIDE (__fini_array_start = .)
 *(SORT_BY_NAME(.fini_array.*))
 *(.fini_array)
                [!provide]                        PROVIDE (__fini_array_end = .)
                [!provide]                        PROVIDE (__dso_handle = 0x0)
 *(.eh_frame*)
                0x1000a750                        . = ALIGN (0x4)

.glue_7         0x1000a750        0x0
 .glue_7        0x1000a750        0x0 linker stubs

.glue_7t        0x1000a750        0x0
 .glue_7t       0x1000a750        0x0 linker stubs

.vfp11_veneer   0x1000a750        0x0
 .vfp11_veneer  0x1000a750        0x0 linker stubs

.v4_bx          0x1000a750        0x0
 .v4_bx         0x1000a750        0x0 linker stubs

.iplt           0x1000a750        0x0
 .iplt          0x1000a750        0x0 CMakeFiles/firmware.dir/src/main.c.o

.rodata         0x1000a750      0x8b8
 *(EXCLUDE_FILE(*libm.a: *lib*_a-mem*.o *libc.a: *libgcc.a:) .rodata*)
 .rodata.vLCDTask.str1.4
                0x1000a750      0x404 CMakeFiles/firmware.dir/src/main.c.o
                                 0x58 (size before relaxing)
 .rodata.vTaskFunction.str1.4
                0x1000ab54       0xa5 CMakeFiles/firmware.dir/src/main.c.o
 .rodata.main.str1.4
                0x1000ab54      0x150 CMakeFiles/firmware.dir/src/main.c.o
 .rodata.row_addrs.0
                0x1000ab54        0x4 CMakeFiles/firmware.dir/src/lcd_2004a.c.o
 .rodata.aht21_init.str1.4
                0x1000ab58        0x3 CMakeFiles/firmware.dir/src/ENS160_HT21.c.o
 .rodata.aht21_read.str1.4
                0x1000ab58        0x3 CMakeFiles/firmware.dir/src/ENS160_HT21.c.o
 .rodata.panic.str1.4
                0x1000ab58       0x11 CMakeFiles/firmware.dir/home/ricardo/pico-sdk/src/rp2_common/pico_platform_panic/panic.c.o
 .rodata.panic_unsupported.str1.4
                0x1000ab58        0xe CMakeFiles/firmware.dir/home/ricardo/pico-sdk/src/rp2_common/pico_platform_panic/panic.c.o
 .rodata.spin_lock_claim.str1.4
                0x1000ab58       0x1f CMakeFiles/firmware.dir/home/ricardo/pico-sdk/src/rp2_common/hardware_sync/sync.c.o
 .rodata.spin_lock_claim_unused.str1.4
                0x1000ab58       0x1b CMakeFiles/firmware.dir/home/ricardo/pico-sdk/src/rp2_common/hardware_sync/sync.c.o
 .rodata.user_irq_claim_unused.str1.4
                0x1000ab58       0x1b CMakeFiles/firmware.dir/home/ricardo/pico-sdk/src/rp2_common/hardware_irq/irq.c.o
 .rodata.timer_hardware_alarm_claim.str1.4
                0x1000ab58       0x22 CMakeFiles/firmware.dir/home/ricardo/pico-sdk/src/rp2_common/hardware_timer/timer.c.o
 .rodata.hard_assertion_failure.str1.4
                0x1000ab58        0xc CMakeFiles/firmware.dir/home/ricardo/pico-sdk/src/rp2_common/pico_runtime/runtime.c.o
 .rodata.str1.4
                0x1000ab58       0x40 CMakeFiles/firmware.dir/home/ricardo/pico-sdk/src/rp2_common/pico_standard_binary_info/standard_binary_info.c.o
 .rodata.__bi_84
                0x1000ab58        0xc CMakeFiles/firmware.dir/home/ricardo/pico-sdk/src/rp2_common/pico_standard_binary_info/standard_binary_info.c.o
 .rodata.__bi_78
                0x1000ab64        0xc CMakeFiles/firmware.dir/home/ricardo/pico-sdk/src/rp2_common/pico_standard_binary_info/standard_binary_info.c.o
 .rodata.__bi_54
                0x1000ab70        0xc CMakeFiles/firmware.dir/home/ricardo/pico-sdk/src/rp2_common/pico_standard_binary_info/standard_binary_info.c.o
 .rodata.__bi_48
                0x1000ab7c        0xc CMakeFiles/firmware.dir/home/ricardo/pico-sdk/src/rp2_common/pico_standard_binary_info/standard_binary_info.c.o
 .rodata.__bi_42
                0x1000ab88        0xc CMakeFiles/firmware.dir/home/ricardo/pico-sdk/src/rp2_common/pico_standard_binary_info/standard_binary_info.c.o
 .rodata.__bi_34
                0x1000ab94        0xc CMakeFiles/firmware.dir/home/ricardo/pico-sdk/src/rp2_common/pico_standard_binary_info/standard_binary_info.c.o
 .rodata.__bi_26
                0x1000aba0        0xc CMakeFiles/firmware.dir/home/ricardo/pico-sdk/src/rp2_common/pico_standard_binary_info/standard_binary_info.c.o
 .rodata._ftoa.str1.4
                0x1000abac       0x15 CMakeFiles/firmware.dir/home/ricardo/pico-sdk/src/rp2_common/pico_printf/printf.c.o
 .rodata._vsnprintf
                0x1000abac      0x19c CMakeFiles/firmware.dir/home/ricardo/pico-sdk/src/rp2_common/pico_printf/printf.c.o
 .rodata.pow10.0
                0x1000ad48       0x50 CMakeFiles/firmware.dir/home/ricardo/pico-sdk/src/rp2_common/pico_printf/printf.c.o
 .rodata.crlf_str.0
                0x1000ad98        0x2 CMakeFiles/firmware.dir/home/ricardo/pico-sdk/src/rp2_common/pico_stdio/stdio.c.o
 .rodata.str1.4
                0x1000ad9a       0x13 CMakeFiles/firmware.dir/home/ricardo/pico-sdk/src/rp2_common/pico_stdio_usb/stdio_usb.c.o
 *fill*         0x1000ad9a        0x2 
 .rodata.__bi_204.0
                0x1000ad9c        0xc CMakeFiles/firmware.dir/home/ricardo/pico-sdk/src/rp2_common/pico_stdio_usb/stdio_usb.c.o
 .rodata.str1.4
                0x1000ada8       0x2a CMakeFiles/firmware.dir/home/ricardo/pico-sdk/src/rp2_common/pico_stdio_usb/stdio_usb_descriptors.c.o
 .rodata.usbd_desc_str
                0x1000ada8       0x18 CMakeFiles/firmware.dir/home/ricardo/pico-sdk/src/rp2_common/pico_stdio_usb/stdio_usb_descriptors.c.o
 .rodata.usbd_desc_cfg
                0x1000adc0       0x54 CMakeFiles/firmware.dir/home/ricardo/pico-sdk/src/rp2_common/pico_stdio_usb/stdio_usb_descriptors.c.o
 .rodata.usbd_desc_device
                0x1000ae14       0x12 CMakeFiles/firmware.dir/home/ricardo/pico-sdk/src/rp2_common/pico_stdio_usb/stdio_usb_descriptors.c.o
 *fill*         0x1000ae26        0x2 
 .rodata.desc_ms_os_20
                0x1000ae28       0xa6 CMakeFiles/firmware.dir/home/ricardo/pico-sdk/src/rp2_common/pico_usb_reset/usb_reset.c.o
 *fill*         0x1000aece        0x2 
 .rodata.desc_bos
                0x1000aed0       0x21 CMakeFiles/firmware.dir/home/ricardo/pico-sdk/src/rp2_common/pico_usb_reset/usb_reset.c.o
                0x1000aed0                desc_bos
 *fill*         0x1000aef1        0x3 
 .rodata.usb_reset_interface_driver
                0x1000aef4       0x20 CMakeFiles/firmware.dir/home/ricardo/pico-sdk/src/rp2_common/pico_usb_reset/usb_reset.c.o
 .rodata.str1.4
                0x1000af14       0x14 CMakeFiles/firmware.dir/home/ricardo/pico-sdk/lib/tinyusb/src/portable/raspberrypi/rp2040/dcd_rp2040.c.o
 .rodata.str1.4
                0x1000af14       0x48 CMakeFiles/firmware.dir/home/ricardo/pico-sdk/lib/tinyusb/src/portable/raspberrypi/rp2040/rp2040_usb.c.o
 .rodata.tud_task_ext
                0x1000af14       0x8c CMakeFiles/firmware.dir/home/ricardo/pico-sdk/lib/tinyusb/src/device/usbd.c.o
 .rodata        0x1000afa0       0x1c CMakeFiles/firmware.dir/home/ricardo/pico-sdk/lib/tinyusb/src/device/usbd.c.o
 .rodata._usbd_driver
                0x1000afbc       0x20 CMakeFiles/firmware.dir/home/ricardo/pico-sdk/lib/tinyusb/src/device/usbd.c.o
 .rodata.uxTopUsedPriority
                0x1000afdc        0x4 libFreeRTOS-Kernel.a(tasks.c.o)
 .rodata.prvTimerTask
                0x1000afe0       0x28 libFreeRTOS-Kernel.a(timers.c.o)
 .rodata.xTimerCreateTimerTask.str1.4
                0x1000b008       0x10 libFreeRTOS-Kernel.a(timers.c.o)
 *(.srodata*)
                0x1000b018                        . = ALIGN (0x4)
 *(SORT_BY_ALIGNMENT(SORT_BY_NAME(.flashdata*)))
                0x1000b018                        . = ALIGN (0x4)

.ARM.extab
 *(.ARM.extab* .gnu.linkonce.armextab.*)
                0x1000b008                        __exidx_start = .

.ARM.exidx
 *(.ARM.exidx* .gnu.linkonce.armexidx.*)
                0x1000b008                        __exidx_end = .
                0x1000b018                        . = ALIGN (0x4)
                0x1000b008                        __binary_info_start = .

.binary_info    0x1000b008       0x20
 *(.binary_info.keep.*)
 .binary_info.keep.__bi_ptr84
                0x1000b008        0x4 CMakeFiles/firmware.dir/home/ricardo/pico-sdk/src/rp2_common/pico_standard_binary_info/standard_binary_info.c.o
 .binary_info.keep.__bi_ptr78
                0x1000b00c        0x4 CMakeFiles/firmware.dir/home/ricardo/pico-sdk/src/rp2_common/pico_standard_binary_info/standard_binary_info.c.o
 .binary_info.keep.__bi_ptr54
                0x1000b010        0x4 CMakeFiles/firmware.dir/home/ricardo/pico-sdk/src/rp2_common/pico_standard_binary_info/standard_binary_info.c.o
 .binary_info.keep.__bi_ptr48
                0x1000b014        0x4 CMakeFiles/firmware.dir/home/ricardo/pico-sdk/src/rp2_common/pico_standard_binary_info/standard_binary_info.c.o
 .binary_info.keep.__bi_ptr42
                0x1000b018        0x4 CMakeFiles/firmware.dir/home/ricardo/pico-sdk/src/rp2_common/pico_standard_binary_info/standard_binary_info.c.o
 .binary_info.keep.__bi_ptr34
                0x1000b01c        0x4 CMakeFiles/firmware.dir/home/ricardo/pico-sdk/src/rp2_common/pico_standard_binary_info/standard_binary_info.c.o
 .binary_info.keep.__bi_ptr26
                0x1000b020        0x4 CMakeFiles/firmware.dir/home/ricardo/pico-sdk/src/rp2_common/pico_standard_binary_info/standard_binary_info.c.o
 *(.binary_info.*)
 .binary_info.__bi_ptr204
                0x1000b024        0x4 CMakeFiles/firmware.dir/home/ricardo/pico-sdk/src/rp2_common/pico_stdio_usb/stdio_usb.c.o
                0x1000b028                        __binary_info_end = .
                0x1000b028                        . = ALIGN (0x4)

.xip_ram        0x15000000        0x0 load address 0x1000b028
                0x15000000                        __xip_ram_start__ = .
                0x15000000                        . = ALIGN (0x4)
 *(.xip_ram*)
                0x15000000                        . = ALIGN (0x4)
                0x15000000                        __xip_ram_end__ = .
                0x1000b028                        __xip_ram_source__ = LOADADDR (.xip_ram)

.ram_vector_table
                0x20000000       0xc0
 *(.ram_vector_table)
 .ram_vector_table
                0x20000000       0xc0 CMakeFiles/firmware.dir/home/ricardo/pico-sdk/src/rp2_common/pico_runtime_init/runtime_init.c.o
                0x20000000                ram_vector_table

.uninitialized_data
                0x200000c0        0x0
                0x200000c0                        . = ALIGN (0x4)
 *(.uninitialized_data*)

.data           0x200000c0      0xf9c load address 0x1000b028
                0x200000c0                        __data_start__ = .
 *(vtable)
 *(.time_critical*)
 .time_critical.mutex_try_enter
                0x200000c0       0x40 CMakeFiles/firmware.dir/home/ricardo/pico-sdk/src/common/pico_sync/mutex.c.o
                0x200000c0                mutex_try_enter
 .time_critical.mutex_enter_block_until
                0x20000100       0x74 CMakeFiles/firmware.dir/home/ricardo/pico-sdk/src/common/pico_sync/mutex.c.o
                0x20000100                mutex_enter_block_until
 .time_critical.mutex_try_enter_block_until
                0x20000174       0x34 CMakeFiles/firmware.dir/home/ricardo/pico-sdk/src/common/pico_sync/mutex.c.o
                0x20000174                mutex_try_enter_block_until
 .time_critical.mutex_enter_timeout_ms
                0x200001a8       0x40 CMakeFiles/firmware.dir/home/ricardo/pico-sdk/src/common/pico_sync/mutex.c.o
                0x200001a8                mutex_enter_timeout_ms
 .time_critical.mutex_exit
                0x200001e8       0x28 CMakeFiles/firmware.dir/home/ricardo/pico-sdk/src/common/pico_sync/mutex.c.o
                0x200001e8                mutex_exit
 .time_critical.flash_init_boot2_copyout
                0x20000210       0x30 CMakeFiles/firmware.dir/home/ricardo/pico-sdk/src/rp2_common/hardware_flash/flash.c.o
 .time_critical.flash_enable_xip_via_boot2
                0x20000240        0xc CMakeFiles/firmware.dir/home/ricardo/pico-sdk/src/rp2_common/hardware_flash/flash.c.o
 .time_critical.flash_save_hardware_state
                0x2000024c       0x28 CMakeFiles/firmware.dir/home/ricardo/pico-sdk/src/rp2_common/hardware_flash/flash.c.o
 .time_critical.flash_restore_hardware_state
                0x20000274       0x28 CMakeFiles/firmware.dir/home/ricardo/pico-sdk/src/rp2_common/hardware_flash/flash.c.o
 .time_critical.flash_do_cmd_cs
                0x2000029c       0xf4 CMakeFiles/firmware.dir/home/ricardo/pico-sdk/src/rp2_common/hardware_flash/flash.c.o
                0x2000029c                flash_do_cmd_cs
 .time_critical.reset_non_control_endpoints
                0x20000390       0x68 CMakeFiles/firmware.dir/home/ricardo/pico-sdk/lib/tinyusb/src/portable/raspberrypi/rp2040/dcd_rp2040.c.o
 .time_critical.hw_handle_buff_status
                0x200003f8       0xa0 CMakeFiles/firmware.dir/home/ricardo/pico-sdk/lib/tinyusb/src/portable/raspberrypi/rp2040/dcd_rp2040.c.o
 .time_critical.dcd_rp2040_irq
                0x20000498      0x544 CMakeFiles/firmware.dir/home/ricardo/pico-sdk/lib/tinyusb/src/portable/raspberrypi/rp2040/dcd_rp2040.c.o
 .time_critical.prepare_ep_buffer
                0x200009dc       0xe0 CMakeFiles/firmware.dir/home/ricardo/pico-sdk/lib/tinyusb/src/portable/raspberrypi/rp2040/rp2040_usb.c.o
 .time_critical.sync_ep_buffer
                0x20000abc       0xa8 CMakeFiles/firmware.dir/home/ricardo/pico-sdk/lib/tinyusb/src/portable/raspberrypi/rp2040/rp2040_usb.c.o
 .time_critical._hw_endpoint_xfer_sync
                0x20000b64       0x28 CMakeFiles/firmware.dir/home/ricardo/pico-sdk/lib/tinyusb/src/portable/raspberrypi/rp2040/rp2040_usb.c.o
 .time_critical.e15_is_bulkin_ep
                0x20000b8c       0x28 CMakeFiles/firmware.dir/home/ricardo/pico-sdk/lib/tinyusb/src/portable/raspberrypi/rp2040/rp2040_usb.c.o
 .time_critical.e15_is_critical_frame_period